2024-12-17 01:43:35  [ flink-akka.actor.default-dispatcher-8:0 ] - [ ERROR ]  Exception occurred in REST handler: Job 3fa1333509b9ae8b186239a624469a07 not found
2024-12-17 01:43:35  [ flink-akka.actor.default-dispatcher-6:68 ] - [ ERROR ]  Exception occurred in REST handler: Job 3fa1333509b9ae8b186239a624469a07 not found
2024-12-17 01:44:29  [ flink-akka.actor.default-dispatcher-11:0 ] - [ ERROR ]  Exception occurred in REST handler: Job 3fa1333509b9ae8b186239a624469a07 not found
2024-12-17 01:44:29  [ flink-akka.actor.default-dispatcher-9:33 ] - [ ERROR ]  Exception occurred in REST handler: Job 3fa1333509b9ae8b186239a624469a07 not found
2024-12-17 03:59:50  [ SourceCoordinator-Source: kfk-source:0 ] - [ ERROR ]  Uncaught exception in the SplitEnumerator for Source Source: kfk-source while starting the SplitEnumerator.. Triggering job failover.
org.apache.kafka.common.KafkaException: Failed to construct kafka consumer
	at org.apache.kafka.clients.consumer.KafkaConsumer.<init>(KafkaConsumer.java:820)
	at org.apache.kafka.clients.consumer.KafkaConsumer.<init>(KafkaConsumer.java:666)
	at org.apache.kafka.clients.consumer.KafkaConsumer.<init>(KafkaConsumer.java:646)
	at org.apache.flink.connector.kafka.source.enumerator.KafkaSourceEnumerator.getKafkaConsumer(KafkaSourceEnumerator.java:421)
	at org.apache.flink.connector.kafka.source.enumerator.KafkaSourceEnumerator.start(KafkaSourceEnumerator.java:150)
	at org.apache.flink.runtime.source.coordinator.SourceCoordinator.lambda$start$0(SourceCoordinator.java:136)
	at org.apache.flink.runtime.source.coordinator.SourceCoordinator.lambda$runInEventLoop$8(SourceCoordinator.java:329)
	at java.util.concurrent.Executors$RunnableAdapter.call(Executors.java:511)
	at java.util.concurrent.FutureTask.run(FutureTask.java:266)
	at java.util.concurrent.ScheduledThreadPoolExecutor$ScheduledFutureTask.access$201(ScheduledThreadPoolExecutor.java:180)
	at java.util.concurrent.ScheduledThreadPoolExecutor$ScheduledFutureTask.run(ScheduledThreadPoolExecutor.java:293)
	at java.util.concurrent.ThreadPoolExecutor.runWorker(ThreadPoolExecutor.java:1149)
	at java.util.concurrent.ThreadPoolExecutor$Worker.run(ThreadPoolExecutor.java:624)
	at java.lang.Thread.run(Thread.java:750)
Caused by: org.apache.kafka.common.config.ConfigException: No resolvable bootstrap urls given in bootstrap.servers
	at org.apache.kafka.clients.ClientUtils.parseAndValidateAddresses(ClientUtils.java:88)
	at org.apache.kafka.clients.ClientUtils.parseAndValidateAddresses(ClientUtils.java:47)
	at org.apache.kafka.clients.consumer.KafkaConsumer.<init>(KafkaConsumer.java:735)
	... 13 more
2024-12-17 04:00:46  [ SourceCoordinator-Source: kfk-source:0 ] - [ ERROR ]  Uncaught exception in the SplitEnumerator for Source Source: kfk-source while starting the SplitEnumerator.. Triggering job failover.
org.apache.kafka.common.KafkaException: Failed to construct kafka consumer
	at org.apache.kafka.clients.consumer.KafkaConsumer.<init>(KafkaConsumer.java:820)
	at org.apache.kafka.clients.consumer.KafkaConsumer.<init>(KafkaConsumer.java:666)
	at org.apache.kafka.clients.consumer.KafkaConsumer.<init>(KafkaConsumer.java:646)
	at org.apache.flink.connector.kafka.source.enumerator.KafkaSourceEnumerator.getKafkaConsumer(KafkaSourceEnumerator.java:421)
	at org.apache.flink.connector.kafka.source.enumerator.KafkaSourceEnumerator.start(KafkaSourceEnumerator.java:150)
	at org.apache.flink.runtime.source.coordinator.SourceCoordinator.lambda$start$0(SourceCoordinator.java:136)
	at org.apache.flink.runtime.source.coordinator.SourceCoordinator.lambda$runInEventLoop$8(SourceCoordinator.java:329)
	at java.util.concurrent.Executors$RunnableAdapter.call(Executors.java:511)
	at java.util.concurrent.FutureTask.run(FutureTask.java:266)
	at java.util.concurrent.ScheduledThreadPoolExecutor$ScheduledFutureTask.access$201(ScheduledThreadPoolExecutor.java:180)
	at java.util.concurrent.ScheduledThreadPoolExecutor$ScheduledFutureTask.run(ScheduledThreadPoolExecutor.java:293)
	at java.util.concurrent.ThreadPoolExecutor.runWorker(ThreadPoolExecutor.java:1149)
	at java.util.concurrent.ThreadPoolExecutor$Worker.run(ThreadPoolExecutor.java:624)
	at java.lang.Thread.run(Thread.java:750)
Caused by: org.apache.kafka.common.config.ConfigException: No resolvable bootstrap urls given in bootstrap.servers
	at org.apache.kafka.clients.ClientUtils.parseAndValidateAddresses(ClientUtils.java:88)
	at org.apache.kafka.clients.ClientUtils.parseAndValidateAddresses(ClientUtils.java:47)
	at org.apache.kafka.clients.consumer.KafkaConsumer.<init>(KafkaConsumer.java:735)
	... 13 more
2024-12-17 04:04:37  [ SourceCoordinator-Source: kfk-source:0 ] - [ ERROR ]  Uncaught exception in the SplitEnumerator for Source Source: kfk-source while starting the SplitEnumerator.. Triggering job failover.
org.apache.kafka.common.KafkaException: Failed to construct kafka consumer
	at org.apache.kafka.clients.consumer.KafkaConsumer.<init>(KafkaConsumer.java:820)
	at org.apache.kafka.clients.consumer.KafkaConsumer.<init>(KafkaConsumer.java:666)
	at org.apache.kafka.clients.consumer.KafkaConsumer.<init>(KafkaConsumer.java:646)
	at org.apache.flink.connector.kafka.source.enumerator.KafkaSourceEnumerator.getKafkaConsumer(KafkaSourceEnumerator.java:421)
	at org.apache.flink.connector.kafka.source.enumerator.KafkaSourceEnumerator.start(KafkaSourceEnumerator.java:150)
	at org.apache.flink.runtime.source.coordinator.SourceCoordinator.lambda$start$0(SourceCoordinator.java:136)
	at org.apache.flink.runtime.source.coordinator.SourceCoordinator.lambda$runInEventLoop$8(SourceCoordinator.java:329)
	at java.util.concurrent.Executors$RunnableAdapter.call(Executors.java:511)
	at java.util.concurrent.FutureTask.run(FutureTask.java:266)
	at java.util.concurrent.ScheduledThreadPoolExecutor$ScheduledFutureTask.access$201(ScheduledThreadPoolExecutor.java:180)
	at java.util.concurrent.ScheduledThreadPoolExecutor$ScheduledFutureTask.run(ScheduledThreadPoolExecutor.java:293)
	at java.util.concurrent.ThreadPoolExecutor.runWorker(ThreadPoolExecutor.java:1149)
	at java.util.concurrent.ThreadPoolExecutor$Worker.run(ThreadPoolExecutor.java:624)
	at java.lang.Thread.run(Thread.java:750)
Caused by: org.apache.kafka.common.config.ConfigException: No resolvable bootstrap urls given in bootstrap.servers
	at org.apache.kafka.clients.ClientUtils.parseAndValidateAddresses(ClientUtils.java:88)
	at org.apache.kafka.clients.ClientUtils.parseAndValidateAddresses(ClientUtils.java:47)
	at org.apache.kafka.clients.consumer.KafkaConsumer.<init>(KafkaConsumer.java:735)
	... 13 more
2024-12-17 04:58:44  [ SourceCoordinator-Source: kfk-source:0 ] - [ ERROR ]  Uncaught exception in the SplitEnumerator for Source Source: kfk-source while starting the SplitEnumerator.. Triggering job failover.
org.apache.kafka.common.KafkaException: Failed to construct kafka consumer
	at org.apache.kafka.clients.consumer.KafkaConsumer.<init>(KafkaConsumer.java:820)
	at org.apache.kafka.clients.consumer.KafkaConsumer.<init>(KafkaConsumer.java:666)
	at org.apache.kafka.clients.consumer.KafkaConsumer.<init>(KafkaConsumer.java:646)
	at org.apache.flink.connector.kafka.source.enumerator.KafkaSourceEnumerator.getKafkaConsumer(KafkaSourceEnumerator.java:421)
	at org.apache.flink.connector.kafka.source.enumerator.KafkaSourceEnumerator.start(KafkaSourceEnumerator.java:150)
	at org.apache.flink.runtime.source.coordinator.SourceCoordinator.lambda$start$0(SourceCoordinator.java:136)
	at org.apache.flink.runtime.source.coordinator.SourceCoordinator.lambda$runInEventLoop$8(SourceCoordinator.java:329)
	at java.util.concurrent.Executors$RunnableAdapter.call(Executors.java:511)
	at java.util.concurrent.FutureTask.run(FutureTask.java:266)
	at java.util.concurrent.ScheduledThreadPoolExecutor$ScheduledFutureTask.access$201(ScheduledThreadPoolExecutor.java:180)
	at java.util.concurrent.ScheduledThreadPoolExecutor$ScheduledFutureTask.run(ScheduledThreadPoolExecutor.java:293)
	at java.util.concurrent.ThreadPoolExecutor.runWorker(ThreadPoolExecutor.java:1149)
	at java.util.concurrent.ThreadPoolExecutor$Worker.run(ThreadPoolExecutor.java:624)
	at java.lang.Thread.run(Thread.java:750)
Caused by: org.apache.kafka.common.config.ConfigException: No resolvable bootstrap urls given in bootstrap.servers
	at org.apache.kafka.clients.ClientUtils.parseAndValidateAddresses(ClientUtils.java:88)
	at org.apache.kafka.clients.ClientUtils.parseAndValidateAddresses(ClientUtils.java:47)
	at org.apache.kafka.clients.consumer.KafkaConsumer.<init>(KafkaConsumer.java:735)
	... 13 more
2024-12-17 05:15:30  [ flink-rest-server-netty-worker-thread-6:0 ] - [ ERROR ]  Failed to transfer file from TaskExecutor 7eae1c7e-8dbc-44e3-9b37-54cd12f9dd8c.
java.util.concurrent.CompletionException: org.apache.flink.util.FlinkException: The file LOG is not available on the TaskExecutor.
	at java.util.concurrent.CompletableFuture.encodeThrowable(CompletableFuture.java:292)
	at java.util.concurrent.CompletableFuture.completeThrowable(CompletableFuture.java:308)
	at java.util.concurrent.CompletableFuture.uniAccept(CompletableFuture.java:661)
	at java.util.concurrent.CompletableFuture$UniAccept.tryFire(CompletableFuture.java:646)
	at java.util.concurrent.CompletableFuture.uniAcceptStage(CompletableFuture.java:686)
	at java.util.concurrent.CompletableFuture.thenAcceptAsync(CompletableFuture.java:2019)
	at org.apache.flink.runtime.rest.handler.taskmanager.AbstractTaskManagerFileHandler.respondToRequest(AbstractTaskManagerFileHandler.java:132)
	at org.apache.flink.runtime.rest.handler.AbstractHandler.respondAsLeader(AbstractHandler.java:195)
	at org.apache.flink.runtime.rest.handler.LeaderRetrievalHandler.lambda$channelRead0$0(LeaderRetrievalHandler.java:83)
	at java.util.Optional.ifPresent(Optional.java:159)
	at org.apache.flink.util.OptionalConsumer.ifPresent(OptionalConsumer.java:45)
	at org.apache.flink.runtime.rest.handler.LeaderRetrievalHandler.channelRead0(LeaderRetrievalHandler.java:80)
	at org.apache.flink.runtime.rest.handler.LeaderRetrievalHandler.channelRead0(LeaderRetrievalHandler.java:49)
	at org.apache.flink.shaded.netty4.io.netty.channel.SimpleChannelInboundHandler.channelRead(SimpleChannelInboundHandler.java:99)
	at org.apache.flink.shaded.netty4.io.netty.channel.AbstractChannelHandlerContext.invokeChannelRead(AbstractChannelHandlerContext.java:379)
	at org.apache.flink.shaded.netty4.io.netty.channel.AbstractChannelHandlerContext.invokeChannelRead(AbstractChannelHandlerContext.java:365)
	at org.apache.flink.shaded.netty4.io.netty.channel.AbstractChannelHandlerContext.fireChannelRead(AbstractChannelHandlerContext.java:357)
	at org.apache.flink.runtime.rest.handler.router.RouterHandler.routed(RouterHandler.java:115)
	at org.apache.flink.runtime.rest.handler.router.RouterHandler.channelRead0(RouterHandler.java:94)
	at org.apache.flink.runtime.rest.handler.router.RouterHandler.channelRead0(RouterHandler.java:55)
	at org.apache.flink.shaded.netty4.io.netty.channel.SimpleChannelInboundHandler.channelRead(SimpleChannelInboundHandler.java:99)
	at org.apache.flink.shaded.netty4.io.netty.channel.AbstractChannelHandlerContext.invokeChannelRead(AbstractChannelHandlerContext.java:379)
	at org.apache.flink.shaded.netty4.io.netty.channel.AbstractChannelHandlerContext.invokeChannelRead(AbstractChannelHandlerContext.java:365)
	at org.apache.flink.shaded.netty4.io.netty.channel.AbstractChannelHandlerContext.fireChannelRead(AbstractChannelHandlerContext.java:357)
	at org.apache.flink.shaded.netty4.io.netty.handler.codec.MessageToMessageDecoder.channelRead(MessageToMessageDecoder.java:103)
	at org.apache.flink.shaded.netty4.io.netty.channel.AbstractChannelHandlerContext.invokeChannelRead(AbstractChannelHandlerContext.java:379)
	at org.apache.flink.shaded.netty4.io.netty.channel.AbstractChannelHandlerContext.invokeChannelRead(AbstractChannelHandlerContext.java:365)
	at org.apache.flink.shaded.netty4.io.netty.channel.AbstractChannelHandlerContext.fireChannelRead(AbstractChannelHandlerContext.java:357)
	at org.apache.flink.runtime.rest.FileUploadHandler.channelRead0(FileUploadHandler.java:238)
	at org.apache.flink.runtime.rest.FileUploadHandler.channelRead0(FileUploadHandler.java:71)
	at org.apache.flink.shaded.netty4.io.netty.channel.SimpleChannelInboundHandler.channelRead(SimpleChannelInboundHandler.java:99)
	at org.apache.flink.shaded.netty4.io.netty.channel.AbstractChannelHandlerContext.invokeChannelRead(AbstractChannelHandlerContext.java:379)
	at org.apache.flink.shaded.netty4.io.netty.channel.AbstractChannelHandlerContext.invokeChannelRead(AbstractChannelHandlerContext.java:365)
	at org.apache.flink.shaded.netty4.io.netty.channel.AbstractChannelHandlerContext.fireChannelRead(AbstractChannelHandlerContext.java:357)
	at org.apache.flink.shaded.netty4.io.netty.channel.CombinedChannelDuplexHandler$DelegatingChannelHandlerContext.fireChannelRead(CombinedChannelDuplexHandler.java:436)
	at org.apache.flink.shaded.netty4.io.netty.handler.codec.ByteToMessageDecoder.fireChannelRead(ByteToMessageDecoder.java:324)
	at org.apache.flink.shaded.netty4.io.netty.handler.codec.ByteToMessageDecoder.channelRead(ByteToMessageDecoder.java:296)
	at org.apache.flink.shaded.netty4.io.netty.channel.CombinedChannelDuplexHandler.channelRead(CombinedChannelDuplexHandler.java:251)
	at org.apache.flink.shaded.netty4.io.netty.channel.AbstractChannelHandlerContext.invokeChannelRead(AbstractChannelHandlerContext.java:379)
	at org.apache.flink.shaded.netty4.io.netty.channel.AbstractChannelHandlerContext.invokeChannelRead(AbstractChannelHandlerContext.java:365)
	at org.apache.flink.shaded.netty4.io.netty.channel.AbstractChannelHandlerContext.fireChannelRead(AbstractChannelHandlerContext.java:357)
	at org.apache.flink.shaded.netty4.io.netty.channel.DefaultChannelPipeline$HeadContext.channelRead(DefaultChannelPipeline.java:1410)
	at org.apache.flink.shaded.netty4.io.netty.channel.AbstractChannelHandlerContext.invokeChannelRead(AbstractChannelHandlerContext.java:379)
	at org.apache.flink.shaded.netty4.io.netty.channel.AbstractChannelHandlerContext.invokeChannelRead(AbstractChannelHandlerContext.java:365)
	at org.apache.flink.shaded.netty4.io.netty.channel.DefaultChannelPipeline.fireChannelRead(DefaultChannelPipeline.java:919)
	at org.apache.flink.shaded.netty4.io.netty.channel.nio.AbstractNioByteChannel$NioByteUnsafe.read(AbstractNioByteChannel.java:166)
	at org.apache.flink.shaded.netty4.io.netty.channel.nio.NioEventLoop.processSelectedKey(NioEventLoop.java:719)
	at org.apache.flink.shaded.netty4.io.netty.channel.nio.NioEventLoop.processSelectedKeysOptimized(NioEventLoop.java:655)
	at org.apache.flink.shaded.netty4.io.netty.channel.nio.NioEventLoop.processSelectedKeys(NioEventLoop.java:581)
	at org.apache.flink.shaded.netty4.io.netty.channel.nio.NioEventLoop.run(NioEventLoop.java:493)
	at org.apache.flink.shaded.netty4.io.netty.util.concurrent.SingleThreadEventExecutor$4.run(SingleThreadEventExecutor.java:989)
	at org.apache.flink.shaded.netty4.io.netty.util.internal.ThreadExecutorMap$2.run(ThreadExecutorMap.java:74)
	at java.lang.Thread.run(Thread.java:750)
Caused by: org.apache.flink.util.FlinkException: The file LOG is not available on the TaskExecutor.
	at org.apache.flink.runtime.taskexecutor.TaskExecutor.requestFileUploadByFilePath(TaskExecutor.java:2072)
	at org.apache.flink.runtime.taskexecutor.TaskExecutor.requestFileUploadByType(TaskExecutor.java:1180)
	at sun.reflect.NativeMethodAccessorImpl.invoke0(Native Method)
	at sun.reflect.NativeMethodAccessorImpl.invoke(NativeMethodAccessorImpl.java:62)
	at sun.reflect.DelegatingMethodAccessorImpl.invoke(DelegatingMethodAccessorImpl.java:43)
	at java.lang.reflect.Method.invoke(Method.java:498)
	at org.apache.flink.runtime.rpc.akka.AkkaRpcActor.lambda$handleRpcInvocation$1(AkkaRpcActor.java:316)
	at org.apache.flink.runtime.concurrent.akka.ClassLoadingUtils.runWithContextClassLoader(ClassLoadingUtils.java:83)
	at org.apache.flink.runtime.rpc.akka.AkkaRpcActor.handleRpcInvocation(AkkaRpcActor.java:314)
	at org.apache.flink.runtime.rpc.akka.AkkaRpcActor.handleRpcMessage(AkkaRpcActor.java:217)
	at org.apache.flink.runtime.rpc.akka.AkkaRpcActor.handleMessage(AkkaRpcActor.java:163)
	at akka.japi.pf.UnitCaseStatement.apply(CaseStatements.scala:24)
	at akka.japi.pf.UnitCaseStatement.apply(CaseStatements.scala:20)
	at scala.PartialFunction.applyOrElse(PartialFunction.scala:123)
	at scala.PartialFunction.applyOrElse$(PartialFunction.scala:122)
	at akka.japi.pf.UnitCaseStatement.applyOrElse(CaseStatements.scala:20)
	at scala.PartialFunction$OrElse.applyOrElse(PartialFunction.scala:171)
	at scala.PartialFunction$OrElse.applyOrElse(PartialFunction.scala:172)
	at scala.PartialFunction$OrElse.applyOrElse(PartialFunction.scala:172)
	at akka.actor.Actor.aroundReceive(Actor.scala:537)
	at akka.actor.Actor.aroundReceive$(Actor.scala:535)
	at akka.actor.AbstractActor.aroundReceive(AbstractActor.scala:220)
	at akka.actor.ActorCell.receiveMessage(ActorCell.scala:580)
	at akka.actor.ActorCell.invoke(ActorCell.scala:548)
	at akka.dispatch.Mailbox.processMailbox(Mailbox.scala:270)
	at akka.dispatch.Mailbox.run(Mailbox.scala:231)
	at akka.dispatch.Mailbox.exec(Mailbox.scala:243)
	at java.util.concurrent.ForkJoinTask.doExec(ForkJoinTask.java:289)
	at java.util.concurrent.ForkJoinPool$WorkQueue.runTask(ForkJoinPool.java:1056)
	at java.util.concurrent.ForkJoinPool.runWorker(ForkJoinPool.java:1692)
	at java.util.concurrent.ForkJoinWorkerThread.run(ForkJoinWorkerThread.java:175)
2024-12-17 05:15:30  [ flink-rest-server-netty-worker-thread-6:18 ] - [ ERROR ]  Unhandled exception.
org.apache.flink.util.FlinkException: The file LOG is not available on the TaskExecutor.
	at org.apache.flink.runtime.taskexecutor.TaskExecutor.requestFileUploadByFilePath(TaskExecutor.java:2072)
	at org.apache.flink.runtime.taskexecutor.TaskExecutor.requestFileUploadByType(TaskExecutor.java:1180)
	at sun.reflect.NativeMethodAccessorImpl.invoke0(Native Method)
	at sun.reflect.NativeMethodAccessorImpl.invoke(NativeMethodAccessorImpl.java:62)
	at sun.reflect.DelegatingMethodAccessorImpl.invoke(DelegatingMethodAccessorImpl.java:43)
	at java.lang.reflect.Method.invoke(Method.java:498)
	at org.apache.flink.runtime.rpc.akka.AkkaRpcActor.lambda$handleRpcInvocation$1(AkkaRpcActor.java:316)
	at org.apache.flink.runtime.concurrent.akka.ClassLoadingUtils.runWithContextClassLoader(ClassLoadingUtils.java:83)
	at org.apache.flink.runtime.rpc.akka.AkkaRpcActor.handleRpcInvocation(AkkaRpcActor.java:314)
	at org.apache.flink.runtime.rpc.akka.AkkaRpcActor.handleRpcMessage(AkkaRpcActor.java:217)
	at org.apache.flink.runtime.rpc.akka.AkkaRpcActor.handleMessage(AkkaRpcActor.java:163)
	at akka.japi.pf.UnitCaseStatement.apply(CaseStatements.scala:24)
	at akka.japi.pf.UnitCaseStatement.apply(CaseStatements.scala:20)
	at scala.PartialFunction.applyOrElse(PartialFunction.scala:123)
	at scala.PartialFunction.applyOrElse$(PartialFunction.scala:122)
	at akka.japi.pf.UnitCaseStatement.applyOrElse(CaseStatements.scala:20)
	at scala.PartialFunction$OrElse.applyOrElse(PartialFunction.scala:171)
	at scala.PartialFunction$OrElse.applyOrElse(PartialFunction.scala:172)
	at scala.PartialFunction$OrElse.applyOrElse(PartialFunction.scala:172)
	at akka.actor.Actor.aroundReceive(Actor.scala:537)
	at akka.actor.Actor.aroundReceive$(Actor.scala:535)
	at akka.actor.AbstractActor.aroundReceive(AbstractActor.scala:220)
	at akka.actor.ActorCell.receiveMessage(ActorCell.scala:580)
	at akka.actor.ActorCell.invoke(ActorCell.scala:548)
	at akka.dispatch.Mailbox.processMailbox(Mailbox.scala:270)
	at akka.dispatch.Mailbox.run(Mailbox.scala:231)
	at akka.dispatch.Mailbox.exec(Mailbox.scala:243)
	at java.util.concurrent.ForkJoinTask.doExec(ForkJoinTask.java:289)
	at java.util.concurrent.ForkJoinPool$WorkQueue.runTask(ForkJoinPool.java:1056)
	at java.util.concurrent.ForkJoinPool.runWorker(ForkJoinPool.java:1692)
	at java.util.concurrent.ForkJoinWorkerThread.run(ForkJoinWorkerThread.java:175)
2024-12-17 16:56:38  [ flink-rest-server-netty-worker-thread-7:0 ] - [ ERROR ]  Failed to transfer file from TaskExecutor 930bd6cf-672b-450a-bd6b-2f7c8bca143d.
java.util.concurrent.CompletionException: org.apache.flink.util.FlinkException: The file LOG is not available on the TaskExecutor.
	at java.util.concurrent.CompletableFuture.encodeThrowable(CompletableFuture.java:292)
	at java.util.concurrent.CompletableFuture.completeThrowable(CompletableFuture.java:308)
	at java.util.concurrent.CompletableFuture.uniAccept(CompletableFuture.java:661)
	at java.util.concurrent.CompletableFuture$UniAccept.tryFire(CompletableFuture.java:646)
	at java.util.concurrent.CompletableFuture.uniAcceptStage(CompletableFuture.java:686)
	at java.util.concurrent.CompletableFuture.thenAcceptAsync(CompletableFuture.java:2019)
	at org.apache.flink.runtime.rest.handler.taskmanager.AbstractTaskManagerFileHandler.respondToRequest(AbstractTaskManagerFileHandler.java:132)
	at org.apache.flink.runtime.rest.handler.AbstractHandler.respondAsLeader(AbstractHandler.java:195)
	at org.apache.flink.runtime.rest.handler.LeaderRetrievalHandler.lambda$channelRead0$0(LeaderRetrievalHandler.java:83)
	at java.util.Optional.ifPresent(Optional.java:159)
	at org.apache.flink.util.OptionalConsumer.ifPresent(OptionalConsumer.java:45)
	at org.apache.flink.runtime.rest.handler.LeaderRetrievalHandler.channelRead0(LeaderRetrievalHandler.java:80)
	at org.apache.flink.runtime.rest.handler.LeaderRetrievalHandler.channelRead0(LeaderRetrievalHandler.java:49)
	at org.apache.flink.shaded.netty4.io.netty.channel.SimpleChannelInboundHandler.channelRead(SimpleChannelInboundHandler.java:99)
	at org.apache.flink.shaded.netty4.io.netty.channel.AbstractChannelHandlerContext.invokeChannelRead(AbstractChannelHandlerContext.java:379)
	at org.apache.flink.shaded.netty4.io.netty.channel.AbstractChannelHandlerContext.invokeChannelRead(AbstractChannelHandlerContext.java:365)
	at org.apache.flink.shaded.netty4.io.netty.channel.AbstractChannelHandlerContext.fireChannelRead(AbstractChannelHandlerContext.java:357)
	at org.apache.flink.runtime.rest.handler.router.RouterHandler.routed(RouterHandler.java:115)
	at org.apache.flink.runtime.rest.handler.router.RouterHandler.channelRead0(RouterHandler.java:94)
	at org.apache.flink.runtime.rest.handler.router.RouterHandler.channelRead0(RouterHandler.java:55)
	at org.apache.flink.shaded.netty4.io.netty.channel.SimpleChannelInboundHandler.channelRead(SimpleChannelInboundHandler.java:99)
	at org.apache.flink.shaded.netty4.io.netty.channel.AbstractChannelHandlerContext.invokeChannelRead(AbstractChannelHandlerContext.java:379)
	at org.apache.flink.shaded.netty4.io.netty.channel.AbstractChannelHandlerContext.invokeChannelRead(AbstractChannelHandlerContext.java:365)
	at org.apache.flink.shaded.netty4.io.netty.channel.AbstractChannelHandlerContext.fireChannelRead(AbstractChannelHandlerContext.java:357)
	at org.apache.flink.shaded.netty4.io.netty.handler.codec.MessageToMessageDecoder.channelRead(MessageToMessageDecoder.java:103)
	at org.apache.flink.shaded.netty4.io.netty.channel.AbstractChannelHandlerContext.invokeChannelRead(AbstractChannelHandlerContext.java:379)
	at org.apache.flink.shaded.netty4.io.netty.channel.AbstractChannelHandlerContext.invokeChannelRead(AbstractChannelHandlerContext.java:365)
	at org.apache.flink.shaded.netty4.io.netty.channel.AbstractChannelHandlerContext.fireChannelRead(AbstractChannelHandlerContext.java:357)
	at org.apache.flink.runtime.rest.FileUploadHandler.channelRead0(FileUploadHandler.java:238)
	at org.apache.flink.runtime.rest.FileUploadHandler.channelRead0(FileUploadHandler.java:71)
	at org.apache.flink.shaded.netty4.io.netty.channel.SimpleChannelInboundHandler.channelRead(SimpleChannelInboundHandler.java:99)
	at org.apache.flink.shaded.netty4.io.netty.channel.AbstractChannelHandlerContext.invokeChannelRead(AbstractChannelHandlerContext.java:379)
	at org.apache.flink.shaded.netty4.io.netty.channel.AbstractChannelHandlerContext.invokeChannelRead(AbstractChannelHandlerContext.java:365)
	at org.apache.flink.shaded.netty4.io.netty.channel.AbstractChannelHandlerContext.fireChannelRead(AbstractChannelHandlerContext.java:357)
	at org.apache.flink.shaded.netty4.io.netty.channel.CombinedChannelDuplexHandler$DelegatingChannelHandlerContext.fireChannelRead(CombinedChannelDuplexHandler.java:436)
	at org.apache.flink.shaded.netty4.io.netty.handler.codec.ByteToMessageDecoder.fireChannelRead(ByteToMessageDecoder.java:324)
	at org.apache.flink.shaded.netty4.io.netty.handler.codec.ByteToMessageDecoder.channelRead(ByteToMessageDecoder.java:296)
	at org.apache.flink.shaded.netty4.io.netty.channel.CombinedChannelDuplexHandler.channelRead(CombinedChannelDuplexHandler.java:251)
	at org.apache.flink.shaded.netty4.io.netty.channel.AbstractChannelHandlerContext.invokeChannelRead(AbstractChannelHandlerContext.java:379)
	at org.apache.flink.shaded.netty4.io.netty.channel.AbstractChannelHandlerContext.invokeChannelRead(AbstractChannelHandlerContext.java:365)
	at org.apache.flink.shaded.netty4.io.netty.channel.AbstractChannelHandlerContext.fireChannelRead(AbstractChannelHandlerContext.java:357)
	at org.apache.flink.shaded.netty4.io.netty.channel.DefaultChannelPipeline$HeadContext.channelRead(DefaultChannelPipeline.java:1410)
	at org.apache.flink.shaded.netty4.io.netty.channel.AbstractChannelHandlerContext.invokeChannelRead(AbstractChannelHandlerContext.java:379)
	at org.apache.flink.shaded.netty4.io.netty.channel.AbstractChannelHandlerContext.invokeChannelRead(AbstractChannelHandlerContext.java:365)
	at org.apache.flink.shaded.netty4.io.netty.channel.DefaultChannelPipeline.fireChannelRead(DefaultChannelPipeline.java:919)
	at org.apache.flink.shaded.netty4.io.netty.channel.nio.AbstractNioByteChannel$NioByteUnsafe.read(AbstractNioByteChannel.java:166)
	at org.apache.flink.shaded.netty4.io.netty.channel.nio.NioEventLoop.processSelectedKey(NioEventLoop.java:719)
	at org.apache.flink.shaded.netty4.io.netty.channel.nio.NioEventLoop.processSelectedKeysOptimized(NioEventLoop.java:655)
	at org.apache.flink.shaded.netty4.io.netty.channel.nio.NioEventLoop.processSelectedKeys(NioEventLoop.java:581)
	at org.apache.flink.shaded.netty4.io.netty.channel.nio.NioEventLoop.run(NioEventLoop.java:493)
	at org.apache.flink.shaded.netty4.io.netty.util.concurrent.SingleThreadEventExecutor$4.run(SingleThreadEventExecutor.java:989)
	at org.apache.flink.shaded.netty4.io.netty.util.internal.ThreadExecutorMap$2.run(ThreadExecutorMap.java:74)
	at java.lang.Thread.run(Thread.java:750)
Caused by: org.apache.flink.util.FlinkException: The file LOG is not available on the TaskExecutor.
	at org.apache.flink.runtime.taskexecutor.TaskExecutor.requestFileUploadByFilePath(TaskExecutor.java:2072)
	at org.apache.flink.runtime.taskexecutor.TaskExecutor.requestFileUploadByType(TaskExecutor.java:1180)
	at sun.reflect.NativeMethodAccessorImpl.invoke0(Native Method)
	at sun.reflect.NativeMethodAccessorImpl.invoke(NativeMethodAccessorImpl.java:62)
	at sun.reflect.DelegatingMethodAccessorImpl.invoke(DelegatingMethodAccessorImpl.java:43)
	at java.lang.reflect.Method.invoke(Method.java:498)
	at org.apache.flink.runtime.rpc.akka.AkkaRpcActor.lambda$handleRpcInvocation$1(AkkaRpcActor.java:316)
	at org.apache.flink.runtime.concurrent.akka.ClassLoadingUtils.runWithContextClassLoader(ClassLoadingUtils.java:83)
	at org.apache.flink.runtime.rpc.akka.AkkaRpcActor.handleRpcInvocation(AkkaRpcActor.java:314)
	at org.apache.flink.runtime.rpc.akka.AkkaRpcActor.handleRpcMessage(AkkaRpcActor.java:217)
	at org.apache.flink.runtime.rpc.akka.AkkaRpcActor.handleMessage(AkkaRpcActor.java:163)
	at akka.japi.pf.UnitCaseStatement.apply(CaseStatements.scala:24)
	at akka.japi.pf.UnitCaseStatement.apply(CaseStatements.scala:20)
	at scala.PartialFunction.applyOrElse(PartialFunction.scala:123)
	at scala.PartialFunction.applyOrElse$(PartialFunction.scala:122)
	at akka.japi.pf.UnitCaseStatement.applyOrElse(CaseStatements.scala:20)
	at scala.PartialFunction$OrElse.applyOrElse(PartialFunction.scala:171)
	at scala.PartialFunction$OrElse.applyOrElse(PartialFunction.scala:172)
	at scala.PartialFunction$OrElse.applyOrElse(PartialFunction.scala:172)
	at akka.actor.Actor.aroundReceive(Actor.scala:537)
	at akka.actor.Actor.aroundReceive$(Actor.scala:535)
	at akka.actor.AbstractActor.aroundReceive(AbstractActor.scala:220)
	at akka.actor.ActorCell.receiveMessage(ActorCell.scala:580)
	at akka.actor.ActorCell.invoke(ActorCell.scala:548)
	at akka.dispatch.Mailbox.processMailbox(Mailbox.scala:270)
	at akka.dispatch.Mailbox.run(Mailbox.scala:231)
	at akka.dispatch.Mailbox.exec(Mailbox.scala:243)
	at java.util.concurrent.ForkJoinTask.doExec(ForkJoinTask.java:289)
	at java.util.concurrent.ForkJoinPool$WorkQueue.runTask(ForkJoinPool.java:1056)
	at java.util.concurrent.ForkJoinPool.runWorker(ForkJoinPool.java:1692)
	at java.util.concurrent.ForkJoinWorkerThread.run(ForkJoinWorkerThread.java:175)
2024-12-17 16:56:38  [ flink-rest-server-netty-worker-thread-7:34 ] - [ ERROR ]  Unhandled exception.
org.apache.flink.util.FlinkException: The file LOG is not available on the TaskExecutor.
	at org.apache.flink.runtime.taskexecutor.TaskExecutor.requestFileUploadByFilePath(TaskExecutor.java:2072)
	at org.apache.flink.runtime.taskexecutor.TaskExecutor.requestFileUploadByType(TaskExecutor.java:1180)
	at sun.reflect.NativeMethodAccessorImpl.invoke0(Native Method)
	at sun.reflect.NativeMethodAccessorImpl.invoke(NativeMethodAccessorImpl.java:62)
	at sun.reflect.DelegatingMethodAccessorImpl.invoke(DelegatingMethodAccessorImpl.java:43)
	at java.lang.reflect.Method.invoke(Method.java:498)
	at org.apache.flink.runtime.rpc.akka.AkkaRpcActor.lambda$handleRpcInvocation$1(AkkaRpcActor.java:316)
	at org.apache.flink.runtime.concurrent.akka.ClassLoadingUtils.runWithContextClassLoader(ClassLoadingUtils.java:83)
	at org.apache.flink.runtime.rpc.akka.AkkaRpcActor.handleRpcInvocation(AkkaRpcActor.java:314)
	at org.apache.flink.runtime.rpc.akka.AkkaRpcActor.handleRpcMessage(AkkaRpcActor.java:217)
	at org.apache.flink.runtime.rpc.akka.AkkaRpcActor.handleMessage(AkkaRpcActor.java:163)
	at akka.japi.pf.UnitCaseStatement.apply(CaseStatements.scala:24)
	at akka.japi.pf.UnitCaseStatement.apply(CaseStatements.scala:20)
	at scala.PartialFunction.applyOrElse(PartialFunction.scala:123)
	at scala.PartialFunction.applyOrElse$(PartialFunction.scala:122)
	at akka.japi.pf.UnitCaseStatement.applyOrElse(CaseStatements.scala:20)
	at scala.PartialFunction$OrElse.applyOrElse(PartialFunction.scala:171)
	at scala.PartialFunction$OrElse.applyOrElse(PartialFunction.scala:172)
	at scala.PartialFunction$OrElse.applyOrElse(PartialFunction.scala:172)
	at akka.actor.Actor.aroundReceive(Actor.scala:537)
	at akka.actor.Actor.aroundReceive$(Actor.scala:535)
	at akka.actor.AbstractActor.aroundReceive(AbstractActor.scala:220)
	at akka.actor.ActorCell.receiveMessage(ActorCell.scala:580)
	at akka.actor.ActorCell.invoke(ActorCell.scala:548)
	at akka.dispatch.Mailbox.processMailbox(Mailbox.scala:270)
	at akka.dispatch.Mailbox.run(Mailbox.scala:231)
	at akka.dispatch.Mailbox.exec(Mailbox.scala:243)
	at java.util.concurrent.ForkJoinTask.doExec(ForkJoinTask.java:289)
	at java.util.concurrent.ForkJoinPool$WorkQueue.runTask(ForkJoinPool.java:1056)
	at java.util.concurrent.ForkJoinPool.runWorker(ForkJoinPool.java:1692)
	at java.util.concurrent.ForkJoinWorkerThread.run(ForkJoinWorkerThread.java:175)
2024-12-17 16:59:03  [ flink-akka.actor.default-dispatcher-8:0 ] - [ ERROR ]  Exception occurred in REST handler: Job 92b01579b530385c51fcc01248894849 not found
2024-12-17 16:59:03  [ flink-akka.actor.default-dispatcher-9:32 ] - [ ERROR ]  Exception occurred in REST handler: Job 92b01579b530385c51fcc01248894849 not found
2024-12-17 16:59:06  [ flink-akka.actor.default-dispatcher-8:2929 ] - [ ERROR ]  Exception occurred in REST handler: Job 92b01579b530385c51fcc01248894849 not found
2024-12-17 16:59:06  [ flink-akka.actor.default-dispatcher-8:2935 ] - [ ERROR ]  Exception occurred in REST handler: Job 92b01579b530385c51fcc01248894849 not found
2024-12-17 17:11:24  [ flink-rest-server-netty-worker-thread-3:0 ] - [ ERROR ]  Failed to transfer file from TaskExecutor 2c474352-f880-4a26-9ce2-7e04fd95a2cb.
java.util.concurrent.CompletionException: org.apache.flink.util.FlinkException: The file LOG is not available on the TaskExecutor.
	at java.util.concurrent.CompletableFuture.encodeThrowable(CompletableFuture.java:292)
	at java.util.concurrent.CompletableFuture.completeThrowable(CompletableFuture.java:308)
	at java.util.concurrent.CompletableFuture.uniAccept(CompletableFuture.java:661)
	at java.util.concurrent.CompletableFuture$UniAccept.tryFire(CompletableFuture.java:646)
	at java.util.concurrent.CompletableFuture.uniAcceptStage(CompletableFuture.java:686)
	at java.util.concurrent.CompletableFuture.thenAcceptAsync(CompletableFuture.java:2019)
	at org.apache.flink.runtime.rest.handler.taskmanager.AbstractTaskManagerFileHandler.respondToRequest(AbstractTaskManagerFileHandler.java:132)
	at org.apache.flink.runtime.rest.handler.AbstractHandler.respondAsLeader(AbstractHandler.java:195)
	at org.apache.flink.runtime.rest.handler.LeaderRetrievalHandler.lambda$channelRead0$0(LeaderRetrievalHandler.java:83)
	at java.util.Optional.ifPresent(Optional.java:159)
	at org.apache.flink.util.OptionalConsumer.ifPresent(OptionalConsumer.java:45)
	at org.apache.flink.runtime.rest.handler.LeaderRetrievalHandler.channelRead0(LeaderRetrievalHandler.java:80)
	at org.apache.flink.runtime.rest.handler.LeaderRetrievalHandler.channelRead0(LeaderRetrievalHandler.java:49)
	at org.apache.flink.shaded.netty4.io.netty.channel.SimpleChannelInboundHandler.channelRead(SimpleChannelInboundHandler.java:99)
	at org.apache.flink.shaded.netty4.io.netty.channel.AbstractChannelHandlerContext.invokeChannelRead(AbstractChannelHandlerContext.java:379)
	at org.apache.flink.shaded.netty4.io.netty.channel.AbstractChannelHandlerContext.invokeChannelRead(AbstractChannelHandlerContext.java:365)
	at org.apache.flink.shaded.netty4.io.netty.channel.AbstractChannelHandlerContext.fireChannelRead(AbstractChannelHandlerContext.java:357)
	at org.apache.flink.runtime.rest.handler.router.RouterHandler.routed(RouterHandler.java:115)
	at org.apache.flink.runtime.rest.handler.router.RouterHandler.channelRead0(RouterHandler.java:94)
	at org.apache.flink.runtime.rest.handler.router.RouterHandler.channelRead0(RouterHandler.java:55)
	at org.apache.flink.shaded.netty4.io.netty.channel.SimpleChannelInboundHandler.channelRead(SimpleChannelInboundHandler.java:99)
	at org.apache.flink.shaded.netty4.io.netty.channel.AbstractChannelHandlerContext.invokeChannelRead(AbstractChannelHandlerContext.java:379)
	at org.apache.flink.shaded.netty4.io.netty.channel.AbstractChannelHandlerContext.invokeChannelRead(AbstractChannelHandlerContext.java:365)
	at org.apache.flink.shaded.netty4.io.netty.channel.AbstractChannelHandlerContext.fireChannelRead(AbstractChannelHandlerContext.java:357)
	at org.apache.flink.shaded.netty4.io.netty.handler.codec.MessageToMessageDecoder.channelRead(MessageToMessageDecoder.java:103)
	at org.apache.flink.shaded.netty4.io.netty.channel.AbstractChannelHandlerContext.invokeChannelRead(AbstractChannelHandlerContext.java:379)
	at org.apache.flink.shaded.netty4.io.netty.channel.AbstractChannelHandlerContext.invokeChannelRead(AbstractChannelHandlerContext.java:365)
	at org.apache.flink.shaded.netty4.io.netty.channel.AbstractChannelHandlerContext.fireChannelRead(AbstractChannelHandlerContext.java:357)
	at org.apache.flink.runtime.rest.FileUploadHandler.channelRead0(FileUploadHandler.java:238)
	at org.apache.flink.runtime.rest.FileUploadHandler.channelRead0(FileUploadHandler.java:71)
	at org.apache.flink.shaded.netty4.io.netty.channel.SimpleChannelInboundHandler.channelRead(SimpleChannelInboundHandler.java:99)
	at org.apache.flink.shaded.netty4.io.netty.channel.AbstractChannelHandlerContext.invokeChannelRead(AbstractChannelHandlerContext.java:379)
	at org.apache.flink.shaded.netty4.io.netty.channel.AbstractChannelHandlerContext.invokeChannelRead(AbstractChannelHandlerContext.java:365)
	at org.apache.flink.shaded.netty4.io.netty.channel.AbstractChannelHandlerContext.fireChannelRead(AbstractChannelHandlerContext.java:357)
	at org.apache.flink.shaded.netty4.io.netty.channel.CombinedChannelDuplexHandler$DelegatingChannelHandlerContext.fireChannelRead(CombinedChannelDuplexHandler.java:436)
	at org.apache.flink.shaded.netty4.io.netty.handler.codec.ByteToMessageDecoder.fireChannelRead(ByteToMessageDecoder.java:324)
	at org.apache.flink.shaded.netty4.io.netty.handler.codec.ByteToMessageDecoder.channelRead(ByteToMessageDecoder.java:296)
	at org.apache.flink.shaded.netty4.io.netty.channel.CombinedChannelDuplexHandler.channelRead(CombinedChannelDuplexHandler.java:251)
	at org.apache.flink.shaded.netty4.io.netty.channel.AbstractChannelHandlerContext.invokeChannelRead(AbstractChannelHandlerContext.java:379)
	at org.apache.flink.shaded.netty4.io.netty.channel.AbstractChannelHandlerContext.invokeChannelRead(AbstractChannelHandlerContext.java:365)
	at org.apache.flink.shaded.netty4.io.netty.channel.AbstractChannelHandlerContext.fireChannelRead(AbstractChannelHandlerContext.java:357)
	at org.apache.flink.shaded.netty4.io.netty.channel.DefaultChannelPipeline$HeadContext.channelRead(DefaultChannelPipeline.java:1410)
	at org.apache.flink.shaded.netty4.io.netty.channel.AbstractChannelHandlerContext.invokeChannelRead(AbstractChannelHandlerContext.java:379)
	at org.apache.flink.shaded.netty4.io.netty.channel.AbstractChannelHandlerContext.invokeChannelRead(AbstractChannelHandlerContext.java:365)
	at org.apache.flink.shaded.netty4.io.netty.channel.DefaultChannelPipeline.fireChannelRead(DefaultChannelPipeline.java:919)
	at org.apache.flink.shaded.netty4.io.netty.channel.nio.AbstractNioByteChannel$NioByteUnsafe.read(AbstractNioByteChannel.java:166)
	at org.apache.flink.shaded.netty4.io.netty.channel.nio.NioEventLoop.processSelectedKey(NioEventLoop.java:719)
	at org.apache.flink.shaded.netty4.io.netty.channel.nio.NioEventLoop.processSelectedKeysOptimized(NioEventLoop.java:655)
	at org.apache.flink.shaded.netty4.io.netty.channel.nio.NioEventLoop.processSelectedKeys(NioEventLoop.java:581)
	at org.apache.flink.shaded.netty4.io.netty.channel.nio.NioEventLoop.run(NioEventLoop.java:493)
	at org.apache.flink.shaded.netty4.io.netty.util.concurrent.SingleThreadEventExecutor$4.run(SingleThreadEventExecutor.java:989)
	at org.apache.flink.shaded.netty4.io.netty.util.internal.ThreadExecutorMap$2.run(ThreadExecutorMap.java:74)
	at java.lang.Thread.run(Thread.java:750)
Caused by: org.apache.flink.util.FlinkException: The file LOG is not available on the TaskExecutor.
	at org.apache.flink.runtime.taskexecutor.TaskExecutor.requestFileUploadByFilePath(TaskExecutor.java:2072)
	at org.apache.flink.runtime.taskexecutor.TaskExecutor.requestFileUploadByType(TaskExecutor.java:1180)
	at sun.reflect.NativeMethodAccessorImpl.invoke0(Native Method)
	at sun.reflect.NativeMethodAccessorImpl.invoke(NativeMethodAccessorImpl.java:62)
	at sun.reflect.DelegatingMethodAccessorImpl.invoke(DelegatingMethodAccessorImpl.java:43)
	at java.lang.reflect.Method.invoke(Method.java:498)
	at org.apache.flink.runtime.rpc.akka.AkkaRpcActor.lambda$handleRpcInvocation$1(AkkaRpcActor.java:316)
	at org.apache.flink.runtime.concurrent.akka.ClassLoadingUtils.runWithContextClassLoader(ClassLoadingUtils.java:83)
	at org.apache.flink.runtime.rpc.akka.AkkaRpcActor.handleRpcInvocation(AkkaRpcActor.java:314)
	at org.apache.flink.runtime.rpc.akka.AkkaRpcActor.handleRpcMessage(AkkaRpcActor.java:217)
	at org.apache.flink.runtime.rpc.akka.AkkaRpcActor.handleMessage(AkkaRpcActor.java:163)
	at akka.japi.pf.UnitCaseStatement.apply(CaseStatements.scala:24)
	at akka.japi.pf.UnitCaseStatement.apply(CaseStatements.scala:20)
	at scala.PartialFunction.applyOrElse(PartialFunction.scala:123)
	at scala.PartialFunction.applyOrElse$(PartialFunction.scala:122)
	at akka.japi.pf.UnitCaseStatement.applyOrElse(CaseStatements.scala:20)
	at scala.PartialFunction$OrElse.applyOrElse(PartialFunction.scala:171)
	at scala.PartialFunction$OrElse.applyOrElse(PartialFunction.scala:172)
	at scala.PartialFunction$OrElse.applyOrElse(PartialFunction.scala:172)
	at akka.actor.Actor.aroundReceive(Actor.scala:537)
	at akka.actor.Actor.aroundReceive$(Actor.scala:535)
	at akka.actor.AbstractActor.aroundReceive(AbstractActor.scala:220)
	at akka.actor.ActorCell.receiveMessage(ActorCell.scala:580)
	at akka.actor.ActorCell.invoke(ActorCell.scala:548)
	at akka.dispatch.Mailbox.processMailbox(Mailbox.scala:270)
	at akka.dispatch.Mailbox.run(Mailbox.scala:231)
	at akka.dispatch.Mailbox.exec(Mailbox.scala:243)
	at java.util.concurrent.ForkJoinTask.doExec(ForkJoinTask.java:289)
	at java.util.concurrent.ForkJoinPool$WorkQueue.runTask(ForkJoinPool.java:1056)
	at java.util.concurrent.ForkJoinPool.runWorker(ForkJoinPool.java:1692)
	at java.util.concurrent.ForkJoinWorkerThread.run(ForkJoinWorkerThread.java:175)
2024-12-17 17:11:24  [ flink-rest-server-netty-worker-thread-3:20 ] - [ ERROR ]  Unhandled exception.
org.apache.flink.util.FlinkException: The file LOG is not available on the TaskExecutor.
	at org.apache.flink.runtime.taskexecutor.TaskExecutor.requestFileUploadByFilePath(TaskExecutor.java:2072)
	at org.apache.flink.runtime.taskexecutor.TaskExecutor.requestFileUploadByType(TaskExecutor.java:1180)
	at sun.reflect.NativeMethodAccessorImpl.invoke0(Native Method)
	at sun.reflect.NativeMethodAccessorImpl.invoke(NativeMethodAccessorImpl.java:62)
	at sun.reflect.DelegatingMethodAccessorImpl.invoke(DelegatingMethodAccessorImpl.java:43)
	at java.lang.reflect.Method.invoke(Method.java:498)
	at org.apache.flink.runtime.rpc.akka.AkkaRpcActor.lambda$handleRpcInvocation$1(AkkaRpcActor.java:316)
	at org.apache.flink.runtime.concurrent.akka.ClassLoadingUtils.runWithContextClassLoader(ClassLoadingUtils.java:83)
	at org.apache.flink.runtime.rpc.akka.AkkaRpcActor.handleRpcInvocation(AkkaRpcActor.java:314)
	at org.apache.flink.runtime.rpc.akka.AkkaRpcActor.handleRpcMessage(AkkaRpcActor.java:217)
	at org.apache.flink.runtime.rpc.akka.AkkaRpcActor.handleMessage(AkkaRpcActor.java:163)
	at akka.japi.pf.UnitCaseStatement.apply(CaseStatements.scala:24)
	at akka.japi.pf.UnitCaseStatement.apply(CaseStatements.scala:20)
	at scala.PartialFunction.applyOrElse(PartialFunction.scala:123)
	at scala.PartialFunction.applyOrElse$(PartialFunction.scala:122)
	at akka.japi.pf.UnitCaseStatement.applyOrElse(CaseStatements.scala:20)
	at scala.PartialFunction$OrElse.applyOrElse(PartialFunction.scala:171)
	at scala.PartialFunction$OrElse.applyOrElse(PartialFunction.scala:172)
	at scala.PartialFunction$OrElse.applyOrElse(PartialFunction.scala:172)
	at akka.actor.Actor.aroundReceive(Actor.scala:537)
	at akka.actor.Actor.aroundReceive$(Actor.scala:535)
	at akka.actor.AbstractActor.aroundReceive(AbstractActor.scala:220)
	at akka.actor.ActorCell.receiveMessage(ActorCell.scala:580)
	at akka.actor.ActorCell.invoke(ActorCell.scala:548)
	at akka.dispatch.Mailbox.processMailbox(Mailbox.scala:270)
	at akka.dispatch.Mailbox.run(Mailbox.scala:231)
	at akka.dispatch.Mailbox.exec(Mailbox.scala:243)
	at java.util.concurrent.ForkJoinTask.doExec(ForkJoinTask.java:289)
	at java.util.concurrent.ForkJoinPool$WorkQueue.runTask(ForkJoinPool.java:1056)
	at java.util.concurrent.ForkJoinPool.runWorker(ForkJoinPool.java:1692)
	at java.util.concurrent.ForkJoinWorkerThread.run(ForkJoinWorkerThread.java:175)
2024-12-17 17:22:58  [ flink-rest-server-netty-worker-thread-6:0 ] - [ ERROR ]  Failed to transfer file from TaskExecutor 5c3defc1-82fc-4bc5-89ff-23c49047b58e.
java.util.concurrent.CompletionException: org.apache.flink.util.FlinkException: The file STDOUT is not available on the TaskExecutor.
	at java.util.concurrent.CompletableFuture.encodeThrowable(CompletableFuture.java:292)
	at java.util.concurrent.CompletableFuture.completeThrowable(CompletableFuture.java:308)
	at java.util.concurrent.CompletableFuture.uniAccept(CompletableFuture.java:661)
	at java.util.concurrent.CompletableFuture$UniAccept.tryFire(CompletableFuture.java:646)
	at java.util.concurrent.CompletableFuture.uniAcceptStage(CompletableFuture.java:686)
	at java.util.concurrent.CompletableFuture.thenAcceptAsync(CompletableFuture.java:2019)
	at org.apache.flink.runtime.rest.handler.taskmanager.AbstractTaskManagerFileHandler.respondToRequest(AbstractTaskManagerFileHandler.java:132)
	at org.apache.flink.runtime.rest.handler.AbstractHandler.respondAsLeader(AbstractHandler.java:195)
	at org.apache.flink.runtime.rest.handler.LeaderRetrievalHandler.lambda$channelRead0$0(LeaderRetrievalHandler.java:83)
	at java.util.Optional.ifPresent(Optional.java:159)
	at org.apache.flink.util.OptionalConsumer.ifPresent(OptionalConsumer.java:45)
	at org.apache.flink.runtime.rest.handler.LeaderRetrievalHandler.channelRead0(LeaderRetrievalHandler.java:80)
	at org.apache.flink.runtime.rest.handler.LeaderRetrievalHandler.channelRead0(LeaderRetrievalHandler.java:49)
	at org.apache.flink.shaded.netty4.io.netty.channel.SimpleChannelInboundHandler.channelRead(SimpleChannelInboundHandler.java:99)
	at org.apache.flink.shaded.netty4.io.netty.channel.AbstractChannelHandlerContext.invokeChannelRead(AbstractChannelHandlerContext.java:379)
	at org.apache.flink.shaded.netty4.io.netty.channel.AbstractChannelHandlerContext.invokeChannelRead(AbstractChannelHandlerContext.java:365)
	at org.apache.flink.shaded.netty4.io.netty.channel.AbstractChannelHandlerContext.fireChannelRead(AbstractChannelHandlerContext.java:357)
	at org.apache.flink.runtime.rest.handler.router.RouterHandler.routed(RouterHandler.java:115)
	at org.apache.flink.runtime.rest.handler.router.RouterHandler.channelRead0(RouterHandler.java:94)
	at org.apache.flink.runtime.rest.handler.router.RouterHandler.channelRead0(RouterHandler.java:55)
	at org.apache.flink.shaded.netty4.io.netty.channel.SimpleChannelInboundHandler.channelRead(SimpleChannelInboundHandler.java:99)
	at org.apache.flink.shaded.netty4.io.netty.channel.AbstractChannelHandlerContext.invokeChannelRead(AbstractChannelHandlerContext.java:379)
	at org.apache.flink.shaded.netty4.io.netty.channel.AbstractChannelHandlerContext.invokeChannelRead(AbstractChannelHandlerContext.java:365)
	at org.apache.flink.shaded.netty4.io.netty.channel.AbstractChannelHandlerContext.fireChannelRead(AbstractChannelHandlerContext.java:357)
	at org.apache.flink.shaded.netty4.io.netty.handler.codec.MessageToMessageDecoder.channelRead(MessageToMessageDecoder.java:103)
	at org.apache.flink.shaded.netty4.io.netty.channel.AbstractChannelHandlerContext.invokeChannelRead(AbstractChannelHandlerContext.java:379)
	at org.apache.flink.shaded.netty4.io.netty.channel.AbstractChannelHandlerContext.invokeChannelRead(AbstractChannelHandlerContext.java:365)
	at org.apache.flink.shaded.netty4.io.netty.channel.AbstractChannelHandlerContext.fireChannelRead(AbstractChannelHandlerContext.java:357)
	at org.apache.flink.runtime.rest.FileUploadHandler.channelRead0(FileUploadHandler.java:238)
	at org.apache.flink.runtime.rest.FileUploadHandler.channelRead0(FileUploadHandler.java:71)
	at org.apache.flink.shaded.netty4.io.netty.channel.SimpleChannelInboundHandler.channelRead(SimpleChannelInboundHandler.java:99)
	at org.apache.flink.shaded.netty4.io.netty.channel.AbstractChannelHandlerContext.invokeChannelRead(AbstractChannelHandlerContext.java:379)
	at org.apache.flink.shaded.netty4.io.netty.channel.AbstractChannelHandlerContext.invokeChannelRead(AbstractChannelHandlerContext.java:365)
	at org.apache.flink.shaded.netty4.io.netty.channel.AbstractChannelHandlerContext.fireChannelRead(AbstractChannelHandlerContext.java:357)
	at org.apache.flink.shaded.netty4.io.netty.channel.CombinedChannelDuplexHandler$DelegatingChannelHandlerContext.fireChannelRead(CombinedChannelDuplexHandler.java:436)
	at org.apache.flink.shaded.netty4.io.netty.handler.codec.ByteToMessageDecoder.fireChannelRead(ByteToMessageDecoder.java:324)
	at org.apache.flink.shaded.netty4.io.netty.handler.codec.ByteToMessageDecoder.channelRead(ByteToMessageDecoder.java:296)
	at org.apache.flink.shaded.netty4.io.netty.channel.CombinedChannelDuplexHandler.channelRead(CombinedChannelDuplexHandler.java:251)
	at org.apache.flink.shaded.netty4.io.netty.channel.AbstractChannelHandlerContext.invokeChannelRead(AbstractChannelHandlerContext.java:379)
	at org.apache.flink.shaded.netty4.io.netty.channel.AbstractChannelHandlerContext.invokeChannelRead(AbstractChannelHandlerContext.java:365)
	at org.apache.flink.shaded.netty4.io.netty.channel.AbstractChannelHandlerContext.fireChannelRead(AbstractChannelHandlerContext.java:357)
	at org.apache.flink.shaded.netty4.io.netty.channel.DefaultChannelPipeline$HeadContext.channelRead(DefaultChannelPipeline.java:1410)
	at org.apache.flink.shaded.netty4.io.netty.channel.AbstractChannelHandlerContext.invokeChannelRead(AbstractChannelHandlerContext.java:379)
	at org.apache.flink.shaded.netty4.io.netty.channel.AbstractChannelHandlerContext.invokeChannelRead(AbstractChannelHandlerContext.java:365)
	at org.apache.flink.shaded.netty4.io.netty.channel.DefaultChannelPipeline.fireChannelRead(DefaultChannelPipeline.java:919)
	at org.apache.flink.shaded.netty4.io.netty.channel.nio.AbstractNioByteChannel$NioByteUnsafe.read(AbstractNioByteChannel.java:166)
	at org.apache.flink.shaded.netty4.io.netty.channel.nio.NioEventLoop.processSelectedKey(NioEventLoop.java:719)
	at org.apache.flink.shaded.netty4.io.netty.channel.nio.NioEventLoop.processSelectedKeysOptimized(NioEventLoop.java:655)
	at org.apache.flink.shaded.netty4.io.netty.channel.nio.NioEventLoop.processSelectedKeys(NioEventLoop.java:581)
	at org.apache.flink.shaded.netty4.io.netty.channel.nio.NioEventLoop.run(NioEventLoop.java:493)
	at org.apache.flink.shaded.netty4.io.netty.util.concurrent.SingleThreadEventExecutor$4.run(SingleThreadEventExecutor.java:989)
	at org.apache.flink.shaded.netty4.io.netty.util.internal.ThreadExecutorMap$2.run(ThreadExecutorMap.java:74)
	at java.lang.Thread.run(Thread.java:750)
Caused by: org.apache.flink.util.FlinkException: The file STDOUT is not available on the TaskExecutor.
	at org.apache.flink.runtime.taskexecutor.TaskExecutor.requestFileUploadByFilePath(TaskExecutor.java:2072)
	at org.apache.flink.runtime.taskexecutor.TaskExecutor.requestFileUploadByType(TaskExecutor.java:1180)
	at sun.reflect.NativeMethodAccessorImpl.invoke0(Native Method)
	at sun.reflect.NativeMethodAccessorImpl.invoke(NativeMethodAccessorImpl.java:62)
	at sun.reflect.DelegatingMethodAccessorImpl.invoke(DelegatingMethodAccessorImpl.java:43)
	at java.lang.reflect.Method.invoke(Method.java:498)
	at org.apache.flink.runtime.rpc.akka.AkkaRpcActor.lambda$handleRpcInvocation$1(AkkaRpcActor.java:316)
	at org.apache.flink.runtime.concurrent.akka.ClassLoadingUtils.runWithContextClassLoader(ClassLoadingUtils.java:83)
	at org.apache.flink.runtime.rpc.akka.AkkaRpcActor.handleRpcInvocation(AkkaRpcActor.java:314)
	at org.apache.flink.runtime.rpc.akka.AkkaRpcActor.handleRpcMessage(AkkaRpcActor.java:217)
	at org.apache.flink.runtime.rpc.akka.AkkaRpcActor.handleMessage(AkkaRpcActor.java:163)
	at akka.japi.pf.UnitCaseStatement.apply(CaseStatements.scala:24)
	at akka.japi.pf.UnitCaseStatement.apply(CaseStatements.scala:20)
	at scala.PartialFunction.applyOrElse(PartialFunction.scala:123)
	at scala.PartialFunction.applyOrElse$(PartialFunction.scala:122)
	at akka.japi.pf.UnitCaseStatement.applyOrElse(CaseStatements.scala:20)
	at scala.PartialFunction$OrElse.applyOrElse(PartialFunction.scala:171)
	at scala.PartialFunction$OrElse.applyOrElse(PartialFunction.scala:172)
	at scala.PartialFunction$OrElse.applyOrElse(PartialFunction.scala:172)
	at akka.actor.Actor.aroundReceive(Actor.scala:537)
	at akka.actor.Actor.aroundReceive$(Actor.scala:535)
	at akka.actor.AbstractActor.aroundReceive(AbstractActor.scala:220)
	at akka.actor.ActorCell.receiveMessage(ActorCell.scala:580)
	at akka.actor.ActorCell.invoke(ActorCell.scala:548)
	at akka.dispatch.Mailbox.processMailbox(Mailbox.scala:270)
	at akka.dispatch.Mailbox.run(Mailbox.scala:231)
	at akka.dispatch.Mailbox.exec(Mailbox.scala:243)
	at java.util.concurrent.ForkJoinTask.doExec(ForkJoinTask.java:289)
	at java.util.concurrent.ForkJoinPool$WorkQueue.runTask(ForkJoinPool.java:1056)
	at java.util.concurrent.ForkJoinPool.runWorker(ForkJoinPool.java:1692)
	at java.util.concurrent.ForkJoinWorkerThread.run(ForkJoinWorkerThread.java:175)
2024-12-17 17:22:58  [ flink-rest-server-netty-worker-thread-6:25 ] - [ ERROR ]  Unhandled exception.
org.apache.flink.util.FlinkException: The file STDOUT is not available on the TaskExecutor.
	at org.apache.flink.runtime.taskexecutor.TaskExecutor.requestFileUploadByFilePath(TaskExecutor.java:2072)
	at org.apache.flink.runtime.taskexecutor.TaskExecutor.requestFileUploadByType(TaskExecutor.java:1180)
	at sun.reflect.NativeMethodAccessorImpl.invoke0(Native Method)
	at sun.reflect.NativeMethodAccessorImpl.invoke(NativeMethodAccessorImpl.java:62)
	at sun.reflect.DelegatingMethodAccessorImpl.invoke(DelegatingMethodAccessorImpl.java:43)
	at java.lang.reflect.Method.invoke(Method.java:498)
	at org.apache.flink.runtime.rpc.akka.AkkaRpcActor.lambda$handleRpcInvocation$1(AkkaRpcActor.java:316)
	at org.apache.flink.runtime.concurrent.akka.ClassLoadingUtils.runWithContextClassLoader(ClassLoadingUtils.java:83)
	at org.apache.flink.runtime.rpc.akka.AkkaRpcActor.handleRpcInvocation(AkkaRpcActor.java:314)
	at org.apache.flink.runtime.rpc.akka.AkkaRpcActor.handleRpcMessage(AkkaRpcActor.java:217)
	at org.apache.flink.runtime.rpc.akka.AkkaRpcActor.handleMessage(AkkaRpcActor.java:163)
	at akka.japi.pf.UnitCaseStatement.apply(CaseStatements.scala:24)
	at akka.japi.pf.UnitCaseStatement.apply(CaseStatements.scala:20)
	at scala.PartialFunction.applyOrElse(PartialFunction.scala:123)
	at scala.PartialFunction.applyOrElse$(PartialFunction.scala:122)
	at akka.japi.pf.UnitCaseStatement.applyOrElse(CaseStatements.scala:20)
	at scala.PartialFunction$OrElse.applyOrElse(PartialFunction.scala:171)
	at scala.PartialFunction$OrElse.applyOrElse(PartialFunction.scala:172)
	at scala.PartialFunction$OrElse.applyOrElse(PartialFunction.scala:172)
	at akka.actor.Actor.aroundReceive(Actor.scala:537)
	at akka.actor.Actor.aroundReceive$(Actor.scala:535)
	at akka.actor.AbstractActor.aroundReceive(AbstractActor.scala:220)
	at akka.actor.ActorCell.receiveMessage(ActorCell.scala:580)
	at akka.actor.ActorCell.invoke(ActorCell.scala:548)
	at akka.dispatch.Mailbox.processMailbox(Mailbox.scala:270)
	at akka.dispatch.Mailbox.run(Mailbox.scala:231)
	at akka.dispatch.Mailbox.exec(Mailbox.scala:243)
	at java.util.concurrent.ForkJoinTask.doExec(ForkJoinTask.java:289)
	at java.util.concurrent.ForkJoinPool$WorkQueue.runTask(ForkJoinPool.java:1056)
	at java.util.concurrent.ForkJoinPool.runWorker(ForkJoinPool.java:1692)
	at java.util.concurrent.ForkJoinWorkerThread.run(ForkJoinWorkerThread.java:175)
2024-12-17 17:23:21  [ flink-akka.actor.default-dispatcher-49:22711 ] - [ ERROR ]  Failed to transfer file from TaskExecutor 5c3defc1-82fc-4bc5-89ff-23c49047b58e.
java.util.concurrent.CompletionException: org.apache.flink.util.FlinkException: The file STDOUT is not available on the TaskExecutor.
	at java.util.concurrent.CompletableFuture.encodeThrowable(CompletableFuture.java:292)
	at java.util.concurrent.CompletableFuture.completeThrowable(CompletableFuture.java:308)
	at java.util.concurrent.CompletableFuture.uniAccept(CompletableFuture.java:661)
	at java.util.concurrent.CompletableFuture$UniAccept.tryFire(CompletableFuture.java:646)
	at java.util.concurrent.CompletableFuture.postComplete(CompletableFuture.java:488)
	at java.util.concurrent.CompletableFuture.completeExceptionally(CompletableFuture.java:1990)
	at org.apache.flink.runtime.rpc.akka.AkkaInvocationHandler.lambda$invokeRpc$1(AkkaInvocationHandler.java:251)
	at java.util.concurrent.CompletableFuture.uniWhenComplete(CompletableFuture.java:774)
	at java.util.concurrent.CompletableFuture$UniWhenComplete.tryFire(CompletableFuture.java:750)
	at java.util.concurrent.CompletableFuture.postComplete(CompletableFuture.java:488)
	at java.util.concurrent.CompletableFuture.completeExceptionally(CompletableFuture.java:1990)
	at org.apache.flink.util.concurrent.FutureUtils.doForward(FutureUtils.java:1387)
	at org.apache.flink.runtime.concurrent.akka.ClassLoadingUtils.lambda$null$1(ClassLoadingUtils.java:93)
	at org.apache.flink.runtime.concurrent.akka.ClassLoadingUtils.runWithContextClassLoader(ClassLoadingUtils.java:68)
	at org.apache.flink.runtime.concurrent.akka.ClassLoadingUtils.lambda$guardCompletionWithContextClassLoader$2(ClassLoadingUtils.java:92)
	at java.util.concurrent.CompletableFuture.uniWhenComplete(CompletableFuture.java:774)
	at java.util.concurrent.CompletableFuture$UniWhenComplete.tryFire(CompletableFuture.java:750)
	at java.util.concurrent.CompletableFuture.postComplete(CompletableFuture.java:488)
	at java.util.concurrent.CompletableFuture.completeExceptionally(CompletableFuture.java:1990)
	at org.apache.flink.runtime.concurrent.akka.AkkaFutureUtils$1.onComplete(AkkaFutureUtils.java:45)
	at akka.dispatch.OnComplete.internal(Future.scala:299)
	at akka.dispatch.OnComplete.internal(Future.scala:297)
	at akka.dispatch.japi$CallbackBridge.apply(Future.scala:224)
	at akka.dispatch.japi$CallbackBridge.apply(Future.scala:221)
	at scala.concurrent.impl.CallbackRunnable.run(Promise.scala:60)
	at org.apache.flink.runtime.concurrent.akka.AkkaFutureUtils$DirectExecutionContext.execute(AkkaFutureUtils.java:65)
	at scala.concurrent.impl.CallbackRunnable.executeWithValue(Promise.scala:68)
	at scala.concurrent.impl.Promise$DefaultPromise.$anonfun$tryComplete$1(Promise.scala:284)
	at scala.concurrent.impl.Promise$DefaultPromise.$anonfun$tryComplete$1$adapted(Promise.scala:284)
	at scala.concurrent.impl.Promise$DefaultPromise.tryComplete(Promise.scala:284)
	at akka.pattern.PromiseActorRef.$bang(AskSupport.scala:621)
	at akka.pattern.PipeToSupport$PipeableFuture$$anonfun$pipeTo$1.applyOrElse(PipeToSupport.scala:25)
	at akka.pattern.PipeToSupport$PipeableFuture$$anonfun$pipeTo$1.applyOrElse(PipeToSupport.scala:23)
	at scala.concurrent.Future.$anonfun$andThen$1(Future.scala:532)
	at scala.concurrent.impl.Promise.liftedTree1$1(Promise.scala:29)
	at scala.concurrent.impl.Promise.$anonfun$transform$1(Promise.scala:29)
	at scala.concurrent.impl.CallbackRunnable.run(Promise.scala:60)
	at akka.dispatch.BatchingExecutor$AbstractBatch.processBatch(BatchingExecutor.scala:63)
	at akka.dispatch.BatchingExecutor$BlockableBatch.$anonfun$run$1(BatchingExecutor.scala:100)
	at scala.runtime.java8.JFunction0$mcV$sp.apply(JFunction0$mcV$sp.java:12)
	at scala.concurrent.BlockContext$.withBlockContext(BlockContext.scala:81)
	at akka.dispatch.BatchingExecutor$BlockableBatch.run(BatchingExecutor.scala:100)
	at akka.dispatch.TaskInvocation.run(AbstractDispatcher.scala:49)
	at akka.dispatch.ForkJoinExecutorConfigurator$AkkaForkJoinTask.exec(ForkJoinExecutorConfigurator.scala:48)
	at java.util.concurrent.ForkJoinTask.doExec(ForkJoinTask.java:289)
	at java.util.concurrent.ForkJoinPool$WorkQueue.runTask(ForkJoinPool.java:1056)
	at java.util.concurrent.ForkJoinPool.runWorker(ForkJoinPool.java:1692)
	at java.util.concurrent.ForkJoinWorkerThread.run(ForkJoinWorkerThread.java:175)
Caused by: org.apache.flink.util.FlinkException: The file STDOUT is not available on the TaskExecutor.
	at org.apache.flink.runtime.taskexecutor.TaskExecutor.requestFileUploadByFilePath(TaskExecutor.java:2072)
	at org.apache.flink.runtime.taskexecutor.TaskExecutor.requestFileUploadByType(TaskExecutor.java:1180)
	at sun.reflect.NativeMethodAccessorImpl.invoke0(Native Method)
	at sun.reflect.NativeMethodAccessorImpl.invoke(NativeMethodAccessorImpl.java:62)
	at sun.reflect.DelegatingMethodAccessorImpl.invoke(DelegatingMethodAccessorImpl.java:43)
	at java.lang.reflect.Method.invoke(Method.java:498)
	at org.apache.flink.runtime.rpc.akka.AkkaRpcActor.lambda$handleRpcInvocation$1(AkkaRpcActor.java:316)
	at org.apache.flink.runtime.concurrent.akka.ClassLoadingUtils.runWithContextClassLoader(ClassLoadingUtils.java:83)
	at org.apache.flink.runtime.rpc.akka.AkkaRpcActor.handleRpcInvocation(AkkaRpcActor.java:314)
	at org.apache.flink.runtime.rpc.akka.AkkaRpcActor.handleRpcMessage(AkkaRpcActor.java:217)
	at org.apache.flink.runtime.rpc.akka.AkkaRpcActor.handleMessage(AkkaRpcActor.java:163)
	at akka.japi.pf.UnitCaseStatement.apply(CaseStatements.scala:24)
	at akka.japi.pf.UnitCaseStatement.apply(CaseStatements.scala:20)
	at scala.PartialFunction.applyOrElse(PartialFunction.scala:123)
	at scala.PartialFunction.applyOrElse$(PartialFunction.scala:122)
	at akka.japi.pf.UnitCaseStatement.applyOrElse(CaseStatements.scala:20)
	at scala.PartialFunction$OrElse.applyOrElse(PartialFunction.scala:171)
	at scala.PartialFunction$OrElse.applyOrElse(PartialFunction.scala:172)
	at scala.PartialFunction$OrElse.applyOrElse(PartialFunction.scala:172)
	at akka.actor.Actor.aroundReceive(Actor.scala:537)
	at akka.actor.Actor.aroundReceive$(Actor.scala:535)
	at akka.actor.AbstractActor.aroundReceive(AbstractActor.scala:220)
	at akka.actor.ActorCell.receiveMessage(ActorCell.scala:580)
	at akka.actor.ActorCell.invoke(ActorCell.scala:548)
	at akka.dispatch.Mailbox.processMailbox(Mailbox.scala:270)
	at akka.dispatch.Mailbox.run(Mailbox.scala:231)
	at akka.dispatch.Mailbox.exec(Mailbox.scala:243)
	... 4 more
2024-12-17 17:23:21  [ flink-akka.actor.default-dispatcher-49:22712 ] - [ ERROR ]  Unhandled exception.
org.apache.flink.util.FlinkException: The file STDOUT is not available on the TaskExecutor.
	at org.apache.flink.runtime.taskexecutor.TaskExecutor.requestFileUploadByFilePath(TaskExecutor.java:2072)
	at org.apache.flink.runtime.taskexecutor.TaskExecutor.requestFileUploadByType(TaskExecutor.java:1180)
	at sun.reflect.NativeMethodAccessorImpl.invoke0(Native Method)
	at sun.reflect.NativeMethodAccessorImpl.invoke(NativeMethodAccessorImpl.java:62)
	at sun.reflect.DelegatingMethodAccessorImpl.invoke(DelegatingMethodAccessorImpl.java:43)
	at java.lang.reflect.Method.invoke(Method.java:498)
	at org.apache.flink.runtime.rpc.akka.AkkaRpcActor.lambda$handleRpcInvocation$1(AkkaRpcActor.java:316)
	at org.apache.flink.runtime.concurrent.akka.ClassLoadingUtils.runWithContextClassLoader(ClassLoadingUtils.java:83)
	at org.apache.flink.runtime.rpc.akka.AkkaRpcActor.handleRpcInvocation(AkkaRpcActor.java:314)
	at org.apache.flink.runtime.rpc.akka.AkkaRpcActor.handleRpcMessage(AkkaRpcActor.java:217)
	at org.apache.flink.runtime.rpc.akka.AkkaRpcActor.handleMessage(AkkaRpcActor.java:163)
	at akka.japi.pf.UnitCaseStatement.apply(CaseStatements.scala:24)
	at akka.japi.pf.UnitCaseStatement.apply(CaseStatements.scala:20)
	at scala.PartialFunction.applyOrElse(PartialFunction.scala:123)
	at scala.PartialFunction.applyOrElse$(PartialFunction.scala:122)
	at akka.japi.pf.UnitCaseStatement.applyOrElse(CaseStatements.scala:20)
	at scala.PartialFunction$OrElse.applyOrElse(PartialFunction.scala:171)
	at scala.PartialFunction$OrElse.applyOrElse(PartialFunction.scala:172)
	at scala.PartialFunction$OrElse.applyOrElse(PartialFunction.scala:172)
	at akka.actor.Actor.aroundReceive(Actor.scala:537)
	at akka.actor.Actor.aroundReceive$(Actor.scala:535)
	at akka.actor.AbstractActor.aroundReceive(AbstractActor.scala:220)
	at akka.actor.ActorCell.receiveMessage(ActorCell.scala:580)
	at akka.actor.ActorCell.invoke(ActorCell.scala:548)
	at akka.dispatch.Mailbox.processMailbox(Mailbox.scala:270)
	at akka.dispatch.Mailbox.run(Mailbox.scala:231)
	at akka.dispatch.Mailbox.exec(Mailbox.scala:243)
	at java.util.concurrent.ForkJoinTask.doExec(ForkJoinTask.java:289)
	at java.util.concurrent.ForkJoinPool$WorkQueue.runTask(ForkJoinPool.java:1056)
	at java.util.concurrent.ForkJoinPool.runWorker(ForkJoinPool.java:1692)
	at java.util.concurrent.ForkJoinWorkerThread.run(ForkJoinWorkerThread.java:175)
2024-12-17 17:23:22  [ flink-akka.actor.default-dispatcher-49:23422 ] - [ ERROR ]  Failed to transfer file from TaskExecutor 5c3defc1-82fc-4bc5-89ff-23c49047b58e.
java.util.concurrent.CompletionException: org.apache.flink.util.FlinkException: The file LOG is not available on the TaskExecutor.
	at java.util.concurrent.CompletableFuture.encodeThrowable(CompletableFuture.java:292)
	at java.util.concurrent.CompletableFuture.completeThrowable(CompletableFuture.java:308)
	at java.util.concurrent.CompletableFuture.uniAccept(CompletableFuture.java:661)
	at java.util.concurrent.CompletableFuture$UniAccept.tryFire(CompletableFuture.java:646)
	at java.util.concurrent.CompletableFuture.postComplete(CompletableFuture.java:488)
	at java.util.concurrent.CompletableFuture.completeExceptionally(CompletableFuture.java:1990)
	at org.apache.flink.runtime.rpc.akka.AkkaInvocationHandler.lambda$invokeRpc$1(AkkaInvocationHandler.java:251)
	at java.util.concurrent.CompletableFuture.uniWhenComplete(CompletableFuture.java:774)
	at java.util.concurrent.CompletableFuture$UniWhenComplete.tryFire(CompletableFuture.java:750)
	at java.util.concurrent.CompletableFuture.postComplete(CompletableFuture.java:488)
	at java.util.concurrent.CompletableFuture.completeExceptionally(CompletableFuture.java:1990)
	at org.apache.flink.util.concurrent.FutureUtils.doForward(FutureUtils.java:1387)
	at org.apache.flink.runtime.concurrent.akka.ClassLoadingUtils.lambda$null$1(ClassLoadingUtils.java:93)
	at org.apache.flink.runtime.concurrent.akka.ClassLoadingUtils.runWithContextClassLoader(ClassLoadingUtils.java:68)
	at org.apache.flink.runtime.concurrent.akka.ClassLoadingUtils.lambda$guardCompletionWithContextClassLoader$2(ClassLoadingUtils.java:92)
	at java.util.concurrent.CompletableFuture.uniWhenComplete(CompletableFuture.java:774)
	at java.util.concurrent.CompletableFuture$UniWhenComplete.tryFire(CompletableFuture.java:750)
	at java.util.concurrent.CompletableFuture.postComplete(CompletableFuture.java:488)
	at java.util.concurrent.CompletableFuture.completeExceptionally(CompletableFuture.java:1990)
	at org.apache.flink.runtime.concurrent.akka.AkkaFutureUtils$1.onComplete(AkkaFutureUtils.java:45)
	at akka.dispatch.OnComplete.internal(Future.scala:299)
	at akka.dispatch.OnComplete.internal(Future.scala:297)
	at akka.dispatch.japi$CallbackBridge.apply(Future.scala:224)
	at akka.dispatch.japi$CallbackBridge.apply(Future.scala:221)
	at scala.concurrent.impl.CallbackRunnable.run(Promise.scala:60)
	at org.apache.flink.runtime.concurrent.akka.AkkaFutureUtils$DirectExecutionContext.execute(AkkaFutureUtils.java:65)
	at scala.concurrent.impl.CallbackRunnable.executeWithValue(Promise.scala:68)
	at scala.concurrent.impl.Promise$DefaultPromise.$anonfun$tryComplete$1(Promise.scala:284)
	at scala.concurrent.impl.Promise$DefaultPromise.$anonfun$tryComplete$1$adapted(Promise.scala:284)
	at scala.concurrent.impl.Promise$DefaultPromise.tryComplete(Promise.scala:284)
	at akka.pattern.PromiseActorRef.$bang(AskSupport.scala:621)
	at akka.pattern.PipeToSupport$PipeableFuture$$anonfun$pipeTo$1.applyOrElse(PipeToSupport.scala:25)
	at akka.pattern.PipeToSupport$PipeableFuture$$anonfun$pipeTo$1.applyOrElse(PipeToSupport.scala:23)
	at scala.concurrent.Future.$anonfun$andThen$1(Future.scala:532)
	at scala.concurrent.impl.Promise.liftedTree1$1(Promise.scala:29)
	at scala.concurrent.impl.Promise.$anonfun$transform$1(Promise.scala:29)
	at scala.concurrent.impl.CallbackRunnable.run(Promise.scala:60)
	at akka.dispatch.BatchingExecutor$AbstractBatch.processBatch(BatchingExecutor.scala:63)
	at akka.dispatch.BatchingExecutor$BlockableBatch.$anonfun$run$1(BatchingExecutor.scala:100)
	at scala.runtime.java8.JFunction0$mcV$sp.apply(JFunction0$mcV$sp.java:12)
	at scala.concurrent.BlockContext$.withBlockContext(BlockContext.scala:81)
	at akka.dispatch.BatchingExecutor$BlockableBatch.run(BatchingExecutor.scala:100)
	at akka.dispatch.TaskInvocation.run(AbstractDispatcher.scala:49)
	at akka.dispatch.ForkJoinExecutorConfigurator$AkkaForkJoinTask.exec(ForkJoinExecutorConfigurator.scala:48)
	at java.util.concurrent.ForkJoinTask.doExec(ForkJoinTask.java:289)
	at java.util.concurrent.ForkJoinPool$WorkQueue.runTask(ForkJoinPool.java:1056)
	at java.util.concurrent.ForkJoinPool.runWorker(ForkJoinPool.java:1692)
	at java.util.concurrent.ForkJoinWorkerThread.run(ForkJoinWorkerThread.java:175)
Caused by: org.apache.flink.util.FlinkException: The file LOG is not available on the TaskExecutor.
	at org.apache.flink.runtime.taskexecutor.TaskExecutor.requestFileUploadByFilePath(TaskExecutor.java:2072)
	at org.apache.flink.runtime.taskexecutor.TaskExecutor.requestFileUploadByType(TaskExecutor.java:1180)
	at sun.reflect.NativeMethodAccessorImpl.invoke0(Native Method)
	at sun.reflect.NativeMethodAccessorImpl.invoke(NativeMethodAccessorImpl.java:62)
	at sun.reflect.DelegatingMethodAccessorImpl.invoke(DelegatingMethodAccessorImpl.java:43)
	at java.lang.reflect.Method.invoke(Method.java:498)
	at org.apache.flink.runtime.rpc.akka.AkkaRpcActor.lambda$handleRpcInvocation$1(AkkaRpcActor.java:316)
	at org.apache.flink.runtime.concurrent.akka.ClassLoadingUtils.runWithContextClassLoader(ClassLoadingUtils.java:83)
	at org.apache.flink.runtime.rpc.akka.AkkaRpcActor.handleRpcInvocation(AkkaRpcActor.java:314)
	at org.apache.flink.runtime.rpc.akka.AkkaRpcActor.handleRpcMessage(AkkaRpcActor.java:217)
	at org.apache.flink.runtime.rpc.akka.AkkaRpcActor.handleMessage(AkkaRpcActor.java:163)
	at akka.japi.pf.UnitCaseStatement.apply(CaseStatements.scala:24)
	at akka.japi.pf.UnitCaseStatement.apply(CaseStatements.scala:20)
	at scala.PartialFunction.applyOrElse(PartialFunction.scala:123)
	at scala.PartialFunction.applyOrElse$(PartialFunction.scala:122)
	at akka.japi.pf.UnitCaseStatement.applyOrElse(CaseStatements.scala:20)
	at scala.PartialFunction$OrElse.applyOrElse(PartialFunction.scala:171)
	at scala.PartialFunction$OrElse.applyOrElse(PartialFunction.scala:172)
	at scala.PartialFunction$OrElse.applyOrElse(PartialFunction.scala:172)
	at akka.actor.Actor.aroundReceive(Actor.scala:537)
	at akka.actor.Actor.aroundReceive$(Actor.scala:535)
	at akka.actor.AbstractActor.aroundReceive(AbstractActor.scala:220)
	at akka.actor.ActorCell.receiveMessage(ActorCell.scala:580)
	at akka.actor.ActorCell.invoke(ActorCell.scala:548)
	at akka.dispatch.Mailbox.processMailbox(Mailbox.scala:270)
	at akka.dispatch.Mailbox.run(Mailbox.scala:231)
	at akka.dispatch.Mailbox.exec(Mailbox.scala:243)
	... 4 more
2024-12-17 17:23:22  [ flink-akka.actor.default-dispatcher-49:23422 ] - [ ERROR ]  Unhandled exception.
org.apache.flink.util.FlinkException: The file LOG is not available on the TaskExecutor.
	at org.apache.flink.runtime.taskexecutor.TaskExecutor.requestFileUploadByFilePath(TaskExecutor.java:2072)
	at org.apache.flink.runtime.taskexecutor.TaskExecutor.requestFileUploadByType(TaskExecutor.java:1180)
	at sun.reflect.NativeMethodAccessorImpl.invoke0(Native Method)
	at sun.reflect.NativeMethodAccessorImpl.invoke(NativeMethodAccessorImpl.java:62)
	at sun.reflect.DelegatingMethodAccessorImpl.invoke(DelegatingMethodAccessorImpl.java:43)
	at java.lang.reflect.Method.invoke(Method.java:498)
	at org.apache.flink.runtime.rpc.akka.AkkaRpcActor.lambda$handleRpcInvocation$1(AkkaRpcActor.java:316)
	at org.apache.flink.runtime.concurrent.akka.ClassLoadingUtils.runWithContextClassLoader(ClassLoadingUtils.java:83)
	at org.apache.flink.runtime.rpc.akka.AkkaRpcActor.handleRpcInvocation(AkkaRpcActor.java:314)
	at org.apache.flink.runtime.rpc.akka.AkkaRpcActor.handleRpcMessage(AkkaRpcActor.java:217)
	at org.apache.flink.runtime.rpc.akka.AkkaRpcActor.handleMessage(AkkaRpcActor.java:163)
	at akka.japi.pf.UnitCaseStatement.apply(CaseStatements.scala:24)
	at akka.japi.pf.UnitCaseStatement.apply(CaseStatements.scala:20)
	at scala.PartialFunction.applyOrElse(PartialFunction.scala:123)
	at scala.PartialFunction.applyOrElse$(PartialFunction.scala:122)
	at akka.japi.pf.UnitCaseStatement.applyOrElse(CaseStatements.scala:20)
	at scala.PartialFunction$OrElse.applyOrElse(PartialFunction.scala:171)
	at scala.PartialFunction$OrElse.applyOrElse(PartialFunction.scala:172)
	at scala.PartialFunction$OrElse.applyOrElse(PartialFunction.scala:172)
	at akka.actor.Actor.aroundReceive(Actor.scala:537)
	at akka.actor.Actor.aroundReceive$(Actor.scala:535)
	at akka.actor.AbstractActor.aroundReceive(AbstractActor.scala:220)
	at akka.actor.ActorCell.receiveMessage(ActorCell.scala:580)
	at akka.actor.ActorCell.invoke(ActorCell.scala:548)
	at akka.dispatch.Mailbox.processMailbox(Mailbox.scala:270)
	at akka.dispatch.Mailbox.run(Mailbox.scala:231)
	at akka.dispatch.Mailbox.exec(Mailbox.scala:243)
	at java.util.concurrent.ForkJoinTask.doExec(ForkJoinTask.java:289)
	at java.util.concurrent.ForkJoinPool$WorkQueue.runTask(ForkJoinPool.java:1056)
	at java.util.concurrent.ForkJoinPool.runWorker(ForkJoinPool.java:1692)
	at java.util.concurrent.ForkJoinWorkerThread.run(ForkJoinWorkerThread.java:175)
2024-12-17 17:27:21  [ flink-rest-server-netty-worker-thread-1:0 ] - [ ERROR ]  Unhandled exception.
org.apache.flink.runtime.resourcemanager.exceptions.UnknownTaskExecutorException: No TaskExecutor registered under 5c3defc1-82fc-4bc5-89ff-23c49047b58e.
	at org.apache.flink.runtime.resourcemanager.ResourceManager.requestTaskManagerDetailsInfo(ResourceManager.java:624)
	at sun.reflect.NativeMethodAccessorImpl.invoke0(Native Method)
	at sun.reflect.NativeMethodAccessorImpl.invoke(NativeMethodAccessorImpl.java:62)
	at sun.reflect.DelegatingMethodAccessorImpl.invoke(DelegatingMethodAccessorImpl.java:43)
	at java.lang.reflect.Method.invoke(Method.java:498)
	at org.apache.flink.runtime.rpc.akka.AkkaRpcActor.lambda$handleRpcInvocation$1(AkkaRpcActor.java:316)
	at org.apache.flink.runtime.concurrent.akka.ClassLoadingUtils.runWithContextClassLoader(ClassLoadingUtils.java:83)
	at org.apache.flink.runtime.rpc.akka.AkkaRpcActor.handleRpcInvocation(AkkaRpcActor.java:314)
	at org.apache.flink.runtime.rpc.akka.AkkaRpcActor.handleRpcMessage(AkkaRpcActor.java:217)
	at org.apache.flink.runtime.rpc.akka.FencedAkkaRpcActor.handleRpcMessage(FencedAkkaRpcActor.java:78)
	at org.apache.flink.runtime.rpc.akka.AkkaRpcActor.handleMessage(AkkaRpcActor.java:163)
	at akka.japi.pf.UnitCaseStatement.apply(CaseStatements.scala:24)
	at akka.japi.pf.UnitCaseStatement.apply(CaseStatements.scala:20)
	at scala.PartialFunction.applyOrElse(PartialFunction.scala:123)
	at scala.PartialFunction.applyOrElse$(PartialFunction.scala:122)
	at akka.japi.pf.UnitCaseStatement.applyOrElse(CaseStatements.scala:20)
	at scala.PartialFunction$OrElse.applyOrElse(PartialFunction.scala:171)
	at scala.PartialFunction$OrElse.applyOrElse(PartialFunction.scala:172)
	at scala.PartialFunction$OrElse.applyOrElse(PartialFunction.scala:172)
	at akka.actor.Actor.aroundReceive(Actor.scala:537)
	at akka.actor.Actor.aroundReceive$(Actor.scala:535)
	at akka.actor.AbstractActor.aroundReceive(AbstractActor.scala:220)
	at akka.actor.ActorCell.receiveMessage(ActorCell.scala:580)
	at akka.actor.ActorCell.invoke(ActorCell.scala:548)
	at akka.dispatch.Mailbox.processMailbox(Mailbox.scala:270)
	at akka.dispatch.Mailbox.run(Mailbox.scala:231)
	at akka.dispatch.Mailbox.exec(Mailbox.scala:243)
	at java.util.concurrent.ForkJoinTask.doExec(ForkJoinTask.java:289)
	at java.util.concurrent.ForkJoinPool$WorkQueue.runTask(ForkJoinPool.java:1056)
	at java.util.concurrent.ForkJoinPool.runWorker(ForkJoinPool.java:1692)
	at java.util.concurrent.ForkJoinWorkerThread.run(ForkJoinWorkerThread.java:175)
2024-12-17 17:27:22  [ flink-akka.actor.default-dispatcher-9:485 ] - [ ERROR ]  Unhandled exception.
org.apache.flink.runtime.resourcemanager.exceptions.UnknownTaskExecutorException: No TaskExecutor registered under 5c3defc1-82fc-4bc5-89ff-23c49047b58e.
	at org.apache.flink.runtime.resourcemanager.ResourceManager.requestTaskManagerDetailsInfo(ResourceManager.java:624)
	at sun.reflect.NativeMethodAccessorImpl.invoke0(Native Method)
	at sun.reflect.NativeMethodAccessorImpl.invoke(NativeMethodAccessorImpl.java:62)
	at sun.reflect.DelegatingMethodAccessorImpl.invoke(DelegatingMethodAccessorImpl.java:43)
	at java.lang.reflect.Method.invoke(Method.java:498)
	at org.apache.flink.runtime.rpc.akka.AkkaRpcActor.lambda$handleRpcInvocation$1(AkkaRpcActor.java:316)
	at org.apache.flink.runtime.concurrent.akka.ClassLoadingUtils.runWithContextClassLoader(ClassLoadingUtils.java:83)
	at org.apache.flink.runtime.rpc.akka.AkkaRpcActor.handleRpcInvocation(AkkaRpcActor.java:314)
	at org.apache.flink.runtime.rpc.akka.AkkaRpcActor.handleRpcMessage(AkkaRpcActor.java:217)
	at org.apache.flink.runtime.rpc.akka.FencedAkkaRpcActor.handleRpcMessage(FencedAkkaRpcActor.java:78)
	at org.apache.flink.runtime.rpc.akka.AkkaRpcActor.handleMessage(AkkaRpcActor.java:163)
	at akka.japi.pf.UnitCaseStatement.apply(CaseStatements.scala:24)
	at akka.japi.pf.UnitCaseStatement.apply(CaseStatements.scala:20)
	at scala.PartialFunction.applyOrElse(PartialFunction.scala:123)
	at scala.PartialFunction.applyOrElse$(PartialFunction.scala:122)
	at akka.japi.pf.UnitCaseStatement.applyOrElse(CaseStatements.scala:20)
	at scala.PartialFunction$OrElse.applyOrElse(PartialFunction.scala:171)
	at scala.PartialFunction$OrElse.applyOrElse(PartialFunction.scala:172)
	at scala.PartialFunction$OrElse.applyOrElse(PartialFunction.scala:172)
	at akka.actor.Actor.aroundReceive(Actor.scala:537)
	at akka.actor.Actor.aroundReceive$(Actor.scala:535)
	at akka.actor.AbstractActor.aroundReceive(AbstractActor.scala:220)
	at akka.actor.ActorCell.receiveMessage(ActorCell.scala:580)
	at akka.actor.ActorCell.invoke(ActorCell.scala:548)
	at akka.dispatch.Mailbox.processMailbox(Mailbox.scala:270)
	at akka.dispatch.Mailbox.run(Mailbox.scala:231)
	at akka.dispatch.Mailbox.exec(Mailbox.scala:243)
	at java.util.concurrent.ForkJoinTask.doExec(ForkJoinTask.java:289)
	at java.util.concurrent.ForkJoinPool$WorkQueue.runTask(ForkJoinPool.java:1056)
	at java.util.concurrent.ForkJoinPool.runWorker(ForkJoinPool.java:1692)
	at java.util.concurrent.ForkJoinWorkerThread.run(ForkJoinWorkerThread.java:175)
2024-12-17 17:27:25  [ flink-akka.actor.default-dispatcher-8:3486 ] - [ ERROR ]  Unhandled exception.
org.apache.flink.runtime.resourcemanager.exceptions.UnknownTaskExecutorException: No TaskExecutor registered under 5c3defc1-82fc-4bc5-89ff-23c49047b58e.
	at org.apache.flink.runtime.resourcemanager.ResourceManager.requestTaskManagerDetailsInfo(ResourceManager.java:624)
	at sun.reflect.NativeMethodAccessorImpl.invoke0(Native Method)
	at sun.reflect.NativeMethodAccessorImpl.invoke(NativeMethodAccessorImpl.java:62)
	at sun.reflect.DelegatingMethodAccessorImpl.invoke(DelegatingMethodAccessorImpl.java:43)
	at java.lang.reflect.Method.invoke(Method.java:498)
	at org.apache.flink.runtime.rpc.akka.AkkaRpcActor.lambda$handleRpcInvocation$1(AkkaRpcActor.java:316)
	at org.apache.flink.runtime.concurrent.akka.ClassLoadingUtils.runWithContextClassLoader(ClassLoadingUtils.java:83)
	at org.apache.flink.runtime.rpc.akka.AkkaRpcActor.handleRpcInvocation(AkkaRpcActor.java:314)
	at org.apache.flink.runtime.rpc.akka.AkkaRpcActor.handleRpcMessage(AkkaRpcActor.java:217)
	at org.apache.flink.runtime.rpc.akka.FencedAkkaRpcActor.handleRpcMessage(FencedAkkaRpcActor.java:78)
	at org.apache.flink.runtime.rpc.akka.AkkaRpcActor.handleMessage(AkkaRpcActor.java:163)
	at akka.japi.pf.UnitCaseStatement.apply(CaseStatements.scala:24)
	at akka.japi.pf.UnitCaseStatement.apply(CaseStatements.scala:20)
	at scala.PartialFunction.applyOrElse(PartialFunction.scala:123)
	at scala.PartialFunction.applyOrElse$(PartialFunction.scala:122)
	at akka.japi.pf.UnitCaseStatement.applyOrElse(CaseStatements.scala:20)
	at scala.PartialFunction$OrElse.applyOrElse(PartialFunction.scala:171)
	at scala.PartialFunction$OrElse.applyOrElse(PartialFunction.scala:172)
	at scala.PartialFunction$OrElse.applyOrElse(PartialFunction.scala:172)
	at akka.actor.Actor.aroundReceive(Actor.scala:537)
	at akka.actor.Actor.aroundReceive$(Actor.scala:535)
	at akka.actor.AbstractActor.aroundReceive(AbstractActor.scala:220)
	at akka.actor.ActorCell.receiveMessage(ActorCell.scala:580)
	at akka.actor.ActorCell.invoke(ActorCell.scala:548)
	at akka.dispatch.Mailbox.processMailbox(Mailbox.scala:270)
	at akka.dispatch.Mailbox.run(Mailbox.scala:231)
	at akka.dispatch.Mailbox.exec(Mailbox.scala:243)
	at java.util.concurrent.ForkJoinTask.doExec(ForkJoinTask.java:289)
	at java.util.concurrent.ForkJoinPool$WorkQueue.runTask(ForkJoinPool.java:1056)
	at java.util.concurrent.ForkJoinPool.runWorker(ForkJoinPool.java:1692)
	at java.util.concurrent.ForkJoinWorkerThread.run(ForkJoinWorkerThread.java:175)
2024-12-17 17:27:28  [ flink-akka.actor.default-dispatcher-11:6499 ] - [ ERROR ]  Unhandled exception.
org.apache.flink.runtime.resourcemanager.exceptions.UnknownTaskExecutorException: No TaskExecutor registered under 5c3defc1-82fc-4bc5-89ff-23c49047b58e.
	at org.apache.flink.runtime.resourcemanager.ResourceManager.requestTaskManagerDetailsInfo(ResourceManager.java:624)
	at sun.reflect.NativeMethodAccessorImpl.invoke0(Native Method)
	at sun.reflect.NativeMethodAccessorImpl.invoke(NativeMethodAccessorImpl.java:62)
	at sun.reflect.DelegatingMethodAccessorImpl.invoke(DelegatingMethodAccessorImpl.java:43)
	at java.lang.reflect.Method.invoke(Method.java:498)
	at org.apache.flink.runtime.rpc.akka.AkkaRpcActor.lambda$handleRpcInvocation$1(AkkaRpcActor.java:316)
	at org.apache.flink.runtime.concurrent.akka.ClassLoadingUtils.runWithContextClassLoader(ClassLoadingUtils.java:83)
	at org.apache.flink.runtime.rpc.akka.AkkaRpcActor.handleRpcInvocation(AkkaRpcActor.java:314)
	at org.apache.flink.runtime.rpc.akka.AkkaRpcActor.handleRpcMessage(AkkaRpcActor.java:217)
	at org.apache.flink.runtime.rpc.akka.FencedAkkaRpcActor.handleRpcMessage(FencedAkkaRpcActor.java:78)
	at org.apache.flink.runtime.rpc.akka.AkkaRpcActor.handleMessage(AkkaRpcActor.java:163)
	at akka.japi.pf.UnitCaseStatement.apply(CaseStatements.scala:24)
	at akka.japi.pf.UnitCaseStatement.apply(CaseStatements.scala:20)
	at scala.PartialFunction.applyOrElse(PartialFunction.scala:123)
	at scala.PartialFunction.applyOrElse$(PartialFunction.scala:122)
	at akka.japi.pf.UnitCaseStatement.applyOrElse(CaseStatements.scala:20)
	at scala.PartialFunction$OrElse.applyOrElse(PartialFunction.scala:171)
	at scala.PartialFunction$OrElse.applyOrElse(PartialFunction.scala:172)
	at scala.PartialFunction$OrElse.applyOrElse(PartialFunction.scala:172)
	at akka.actor.Actor.aroundReceive(Actor.scala:537)
	at akka.actor.Actor.aroundReceive$(Actor.scala:535)
	at akka.actor.AbstractActor.aroundReceive(AbstractActor.scala:220)
	at akka.actor.ActorCell.receiveMessage(ActorCell.scala:580)
	at akka.actor.ActorCell.invoke(ActorCell.scala:548)
	at akka.dispatch.Mailbox.processMailbox(Mailbox.scala:270)
	at akka.dispatch.Mailbox.run(Mailbox.scala:231)
	at akka.dispatch.Mailbox.exec(Mailbox.scala:243)
	at java.util.concurrent.ForkJoinTask.doExec(ForkJoinTask.java:289)
	at java.util.concurrent.ForkJoinPool$WorkQueue.runTask(ForkJoinPool.java:1056)
	at java.util.concurrent.ForkJoinPool.runWorker(ForkJoinPool.java:1692)
	at java.util.concurrent.ForkJoinWorkerThread.run(ForkJoinWorkerThread.java:175)
2024-12-17 17:35:18  [ flink-akka.actor.default-dispatcher-9:0 ] - [ ERROR ]  Exception occurred in REST handler: Job 6d8298073ce4de81d66f1a6d30a782c9 not found
2024-12-17 17:35:18  [ flink-akka.actor.default-dispatcher-10:32 ] - [ ERROR ]  Exception occurred in REST handler: Job 6d8298073ce4de81d66f1a6d30a782c9 not found
2024-12-17 17:37:58  [ flink-akka.actor.default-dispatcher-17:0 ] - [ ERROR ]  Exception occurred in REST handler: Job 6d8298073ce4de81d66f1a6d30a782c9 not found
2024-12-17 17:37:58  [ flink-akka.actor.default-dispatcher-20:32 ] - [ ERROR ]  Exception occurred in REST handler: Job 6d8298073ce4de81d66f1a6d30a782c9 not found
2024-12-17 17:38:01  [ flink-akka.actor.default-dispatcher-21:2924 ] - [ ERROR ]  Exception occurred in REST handler: Job 6d8298073ce4de81d66f1a6d30a782c9 not found
2024-12-17 17:38:01  [ flink-akka.actor.default-dispatcher-20:2931 ] - [ ERROR ]  Exception occurred in REST handler: Job 6d8298073ce4de81d66f1a6d30a782c9 not found
2024-12-17 17:46:25  [ flink-rest-server-netty-worker-thread-1:2 ] - [ ERROR ]  Unhandled exception.
org.apache.flink.runtime.resourcemanager.exceptions.UnknownTaskExecutorException: No TaskExecutor registered under 924e025b-2410-4dfa-aa74-417903f8252a.
	at org.apache.flink.runtime.resourcemanager.ResourceManager.requestTaskManagerDetailsInfo(ResourceManager.java:624)
	at sun.reflect.NativeMethodAccessorImpl.invoke0(Native Method)
	at sun.reflect.NativeMethodAccessorImpl.invoke(NativeMethodAccessorImpl.java:62)
	at sun.reflect.DelegatingMethodAccessorImpl.invoke(DelegatingMethodAccessorImpl.java:43)
	at java.lang.reflect.Method.invoke(Method.java:498)
	at org.apache.flink.runtime.rpc.akka.AkkaRpcActor.lambda$handleRpcInvocation$1(AkkaRpcActor.java:316)
	at org.apache.flink.runtime.concurrent.akka.ClassLoadingUtils.runWithContextClassLoader(ClassLoadingUtils.java:83)
	at org.apache.flink.runtime.rpc.akka.AkkaRpcActor.handleRpcInvocation(AkkaRpcActor.java:314)
	at org.apache.flink.runtime.rpc.akka.AkkaRpcActor.handleRpcMessage(AkkaRpcActor.java:217)
	at org.apache.flink.runtime.rpc.akka.FencedAkkaRpcActor.handleRpcMessage(FencedAkkaRpcActor.java:78)
	at org.apache.flink.runtime.rpc.akka.AkkaRpcActor.handleMessage(AkkaRpcActor.java:163)
	at akka.japi.pf.UnitCaseStatement.apply(CaseStatements.scala:24)
	at akka.japi.pf.UnitCaseStatement.apply(CaseStatements.scala:20)
	at scala.PartialFunction.applyOrElse(PartialFunction.scala:123)
	at scala.PartialFunction.applyOrElse$(PartialFunction.scala:122)
	at akka.japi.pf.UnitCaseStatement.applyOrElse(CaseStatements.scala:20)
	at scala.PartialFunction$OrElse.applyOrElse(PartialFunction.scala:171)
	at scala.PartialFunction$OrElse.applyOrElse(PartialFunction.scala:172)
	at scala.PartialFunction$OrElse.applyOrElse(PartialFunction.scala:172)
	at akka.actor.Actor.aroundReceive(Actor.scala:537)
	at akka.actor.Actor.aroundReceive$(Actor.scala:535)
	at akka.actor.AbstractActor.aroundReceive(AbstractActor.scala:220)
	at akka.actor.ActorCell.receiveMessage(ActorCell.scala:580)
	at akka.actor.ActorCell.invoke(ActorCell.scala:548)
	at akka.dispatch.Mailbox.processMailbox(Mailbox.scala:270)
	at akka.dispatch.Mailbox.run(Mailbox.scala:231)
	at akka.dispatch.Mailbox.exec(Mailbox.scala:243)
	at java.util.concurrent.ForkJoinTask.doExec(ForkJoinTask.java:289)
	at java.util.concurrent.ForkJoinPool$WorkQueue.runTask(ForkJoinPool.java:1056)
	at java.util.concurrent.ForkJoinPool.runWorker(ForkJoinPool.java:1692)
	at java.util.concurrent.ForkJoinWorkerThread.run(ForkJoinWorkerThread.java:175)
2024-12-17 17:49:07  [ flink-rest-server-netty-worker-thread-1:1 ] - [ ERROR ]  Unhandled exception.
org.apache.flink.runtime.resourcemanager.exceptions.UnknownTaskExecutorException: No TaskExecutor registered under 924e025b-2410-4dfa-aa74-417903f8252a.
	at org.apache.flink.runtime.resourcemanager.ResourceManager.requestTaskManagerDetailsInfo(ResourceManager.java:624)
	at sun.reflect.NativeMethodAccessorImpl.invoke0(Native Method)
	at sun.reflect.NativeMethodAccessorImpl.invoke(NativeMethodAccessorImpl.java:62)
	at sun.reflect.DelegatingMethodAccessorImpl.invoke(DelegatingMethodAccessorImpl.java:43)
	at java.lang.reflect.Method.invoke(Method.java:498)
	at org.apache.flink.runtime.rpc.akka.AkkaRpcActor.lambda$handleRpcInvocation$1(AkkaRpcActor.java:316)
	at org.apache.flink.runtime.concurrent.akka.ClassLoadingUtils.runWithContextClassLoader(ClassLoadingUtils.java:83)
	at org.apache.flink.runtime.rpc.akka.AkkaRpcActor.handleRpcInvocation(AkkaRpcActor.java:314)
	at org.apache.flink.runtime.rpc.akka.AkkaRpcActor.handleRpcMessage(AkkaRpcActor.java:217)
	at org.apache.flink.runtime.rpc.akka.FencedAkkaRpcActor.handleRpcMessage(FencedAkkaRpcActor.java:78)
	at org.apache.flink.runtime.rpc.akka.AkkaRpcActor.handleMessage(AkkaRpcActor.java:163)
	at akka.japi.pf.UnitCaseStatement.apply(CaseStatements.scala:24)
	at akka.japi.pf.UnitCaseStatement.apply(CaseStatements.scala:20)
	at scala.PartialFunction.applyOrElse(PartialFunction.scala:123)
	at scala.PartialFunction.applyOrElse$(PartialFunction.scala:122)
	at akka.japi.pf.UnitCaseStatement.applyOrElse(CaseStatements.scala:20)
	at scala.PartialFunction$OrElse.applyOrElse(PartialFunction.scala:171)
	at scala.PartialFunction$OrElse.applyOrElse(PartialFunction.scala:172)
	at scala.PartialFunction$OrElse.applyOrElse(PartialFunction.scala:172)
	at akka.actor.Actor.aroundReceive(Actor.scala:537)
	at akka.actor.Actor.aroundReceive$(Actor.scala:535)
	at akka.actor.AbstractActor.aroundReceive(AbstractActor.scala:220)
	at akka.actor.ActorCell.receiveMessage(ActorCell.scala:580)
	at akka.actor.ActorCell.invoke(ActorCell.scala:548)
	at akka.dispatch.Mailbox.processMailbox(Mailbox.scala:270)
	at akka.dispatch.Mailbox.run(Mailbox.scala:231)
	at akka.dispatch.Mailbox.exec(Mailbox.scala:243)
	at java.util.concurrent.ForkJoinTask.doExec(ForkJoinTask.java:289)
	at java.util.concurrent.ForkJoinPool$WorkQueue.runTask(ForkJoinPool.java:1056)
	at java.util.concurrent.ForkJoinPool.runWorker(ForkJoinPool.java:1692)
	at java.util.concurrent.ForkJoinWorkerThread.run(ForkJoinWorkerThread.java:175)
